Archive member included to satisfy reference by file (symbol)

/usr/lib/gcc/arm-none-eabi/10.3.1/../../../arm-none-eabi/lib/thumb/v6-m/nofp/libc_nano.a(lib_a-init.o)
                              build/startup_py32f002xx.o (__libc_init_array)
/usr/lib/gcc/arm-none-eabi/10.3.1/../../../arm-none-eabi/lib/thumb/v6-m/nofp/libc_nano.a(lib_a-memcpy-stub.o)
                              /tmp/py32f002_servo.elf.6SDmn9.ltrans0.ltrans.o (memcpy)
/usr/lib/gcc/arm-none-eabi/10.3.1/../../../arm-none-eabi/lib/thumb/v6-m/nofp/libc_nano.a(lib_a-memset.o)
                              /tmp/py32f002_servo.elf.6SDmn9.ltrans0.ltrans.o (memset)
/usr/lib/gcc/arm-none-eabi/10.3.1/../../../arm-none-eabi/lib/thumb/v6-m/nofp/libc_nano.a(lib_a-snprintf.o)
                              /tmp/py32f002_servo.elf.6SDmn9.ltrans0.ltrans.o (snprintf)
/usr/lib/gcc/arm-none-eabi/10.3.1/../../../arm-none-eabi/lib/thumb/v6-m/nofp/libc_nano.a(lib_a-strcpy.o)
                              /tmp/py32f002_servo.elf.6SDmn9.ltrans0.ltrans.o (strcpy)
/usr/lib/gcc/arm-none-eabi/10.3.1/../../../arm-none-eabi/lib/thumb/v6-m/nofp/libc_nano.a(lib_a-strlen-stub.o)
                              /tmp/py32f002_servo.elf.6SDmn9.ltrans0.ltrans.o (strlen)
/usr/lib/gcc/arm-none-eabi/10.3.1/../../../arm-none-eabi/lib/thumb/v6-m/nofp/libc_nano.a(lib_a-impure.o)
                              /usr/lib/gcc/arm-none-eabi/10.3.1/../../../arm-none-eabi/lib/thumb/v6-m/nofp/libc_nano.a(lib_a-snprintf.o) (_impure_ptr)
/usr/lib/gcc/arm-none-eabi/10.3.1/../../../arm-none-eabi/lib/thumb/v6-m/nofp/libc_nano.a(lib_a-nano-svfprintf.o)
                              /usr/lib/gcc/arm-none-eabi/10.3.1/../../../arm-none-eabi/lib/thumb/v6-m/nofp/libc_nano.a(lib_a-snprintf.o) (_svfprintf_r)
/usr/lib/gcc/arm-none-eabi/10.3.1/../../../arm-none-eabi/lib/thumb/v6-m/nofp/libc_nano.a(lib_a-nano-vfprintf_i.o)
                              /usr/lib/gcc/arm-none-eabi/10.3.1/../../../arm-none-eabi/lib/thumb/v6-m/nofp/libc_nano.a(lib_a-nano-svfprintf.o) (_printf_i)
/usr/lib/gcc/arm-none-eabi/10.3.1/../../../arm-none-eabi/lib/thumb/v6-m/nofp/libc_nano.a(lib_a-memchr-stub.o)
                              /usr/lib/gcc/arm-none-eabi/10.3.1/../../../arm-none-eabi/lib/thumb/v6-m/nofp/libc_nano.a(lib_a-nano-svfprintf.o) (memchr)
/usr/lib/gcc/arm-none-eabi/10.3.1/../../../arm-none-eabi/lib/thumb/v6-m/nofp/libc_nano.a(lib_a-memmove.o)
                              /usr/lib/gcc/arm-none-eabi/10.3.1/../../../arm-none-eabi/lib/thumb/v6-m/nofp/libc_nano.a(lib_a-nano-svfprintf.o) (memmove)
/usr/lib/gcc/arm-none-eabi/10.3.1/../../../arm-none-eabi/lib/thumb/v6-m/nofp/libc_nano.a(lib_a-nano-freer.o)
                              /usr/lib/gcc/arm-none-eabi/10.3.1/../../../arm-none-eabi/lib/thumb/v6-m/nofp/libc_nano.a(lib_a-nano-svfprintf.o) (_free_r)
/usr/lib/gcc/arm-none-eabi/10.3.1/../../../arm-none-eabi/lib/thumb/v6-m/nofp/libc_nano.a(lib_a-nano-mallocr.o)
                              /usr/lib/gcc/arm-none-eabi/10.3.1/../../../arm-none-eabi/lib/thumb/v6-m/nofp/libc_nano.a(lib_a-nano-svfprintf.o) (_malloc_r)
/usr/lib/gcc/arm-none-eabi/10.3.1/../../../arm-none-eabi/lib/thumb/v6-m/nofp/libc_nano.a(lib_a-nano-reallocr.o)
                              /usr/lib/gcc/arm-none-eabi/10.3.1/../../../arm-none-eabi/lib/thumb/v6-m/nofp/libc_nano.a(lib_a-nano-svfprintf.o) (_realloc_r)
/usr/lib/gcc/arm-none-eabi/10.3.1/../../../arm-none-eabi/lib/thumb/v6-m/nofp/libc_nano.a(lib_a-sbrkr.o)
                              /usr/lib/gcc/arm-none-eabi/10.3.1/../../../arm-none-eabi/lib/thumb/v6-m/nofp/libc_nano.a(lib_a-nano-mallocr.o) (_sbrk_r)
/usr/lib/gcc/arm-none-eabi/10.3.1/../../../arm-none-eabi/lib/thumb/v6-m/nofp/libc_nano.a(lib_a-mlock.o)
                              /usr/lib/gcc/arm-none-eabi/10.3.1/../../../arm-none-eabi/lib/thumb/v6-m/nofp/libc_nano.a(lib_a-nano-freer.o) (__malloc_lock)
/usr/lib/gcc/arm-none-eabi/10.3.1/../../../arm-none-eabi/lib/thumb/v6-m/nofp/libc_nano.a(lib_a-nano-msizer.o)
                              /usr/lib/gcc/arm-none-eabi/10.3.1/../../../arm-none-eabi/lib/thumb/v6-m/nofp/libc_nano.a(lib_a-nano-reallocr.o) (_malloc_usable_size_r)
/usr/lib/gcc/arm-none-eabi/10.3.1/../../../arm-none-eabi/lib/thumb/v6-m/nofp/libc_nano.a(lib_a-reent.o)
                              /usr/lib/gcc/arm-none-eabi/10.3.1/../../../arm-none-eabi/lib/thumb/v6-m/nofp/libc_nano.a(lib_a-sbrkr.o) (errno)
/usr/lib/gcc/arm-none-eabi/10.3.1/../../../arm-none-eabi/lib/thumb/v6-m/nofp/libnosys.a(sbrk.o)
                              /usr/lib/gcc/arm-none-eabi/10.3.1/../../../arm-none-eabi/lib/thumb/v6-m/nofp/libc_nano.a(lib_a-sbrkr.o) (_sbrk)
/usr/lib/gcc/arm-none-eabi/10.3.1/thumb/v6-m/nofp/libgcc.a(_thumb1_case_sqi.o)
                              /tmp/py32f002_servo.elf.6SDmn9.ltrans0.ltrans.o (__gnu_thumb1_case_sqi)
/usr/lib/gcc/arm-none-eabi/10.3.1/thumb/v6-m/nofp/libgcc.a(_thumb1_case_shi.o)
                              /tmp/py32f002_servo.elf.6SDmn9.ltrans0.ltrans.o (__gnu_thumb1_case_shi)
[...]
Memory Configuration

Name             Origin             Length             Attributes
RAM              0x0000000020000000 0x0000000000000c00 xrw
FLASH            0x0000000008000000 0x0000000000004f80 xr
PARAM            0x0000000008004f80 0x0000000000000080 r
*default*        0x0000000000000000 0xffffffffffffffff

Linker script and memory map

LOAD build/app_entry.o
LOAD /tmp/py32f002_servo.elf.6SDmn9.ltrans0.ltrans.o
LOAD build/board.o
LOAD build/adc_feedback.o
LOAD build/pwm_input.o
LOAD build/hbridge.o
LOAD build/servo_control.o
LOAD build/servo_params.o
LOAD build/app_hal_msp.o
LOAD build/app_it.o
LOAD build/system_py32f0xx.o
LOAD build/py32f0xx_hal.o
LOAD build/py32f0xx_hal_rcc.o
LOAD build/py32f0xx_hal_gpio.o
LOAD build/py32f0xx_hal_adc.o
LOAD build/py32f0xx_hal_pwr.o
LOAD build/py32f0xx_hal_flash.o
LOAD build/py32f0xx_hal_cortex.o
LOAD build/py32f0xx_hal_uart.o
LOAD build/startup_py32f002xx.o
LOAD /usr/lib/gcc/arm-none-eabi/10.3.1/../../../arm-none-eabi/lib/thumb/v6-m/nofp/libc_nano.a
LOAD /usr/lib/gcc/arm-none-eabi/10.3.1/../../../arm-none-eabi/lib/thumb/v6-m/nofp/libm.a
LOAD /usr/lib/gcc/arm-none-eabi/10.3.1/../../../arm-none-eabi/lib/thumb/v6-m/nofp/libnosys.a
START GROUP
LOAD /usr/lib/gcc/arm-none-eabi/10.3.1/thumb/v6-m/nofp/libgcc.a
LOAD /usr/lib/gcc/arm-none-eabi/10.3.1/../../../arm-none-eabi/lib/thumb/v6-m/nofp/libc_nano.a
END GROUP
START GROUP
LOAD /usr/lib/gcc/arm-none-eabi/10.3.1/thumb/v6-m/nofp/libgcc.a
LOAD /usr/lib/gcc/arm-none-eabi/10.3.1/../../../arm-none-eabi/lib/thumb/v6-m/nofp/libc_nano.a
END GROUP
                0x0000000020000c00                _estack = (ORIGIN (RAM) + LENGTH (RAM))
                0x0000000000000000                _Min_Heap_Size = 0x0
                0x0000000000000400                _Min_Stack_Size = 0x400

.isr_vector     0x0000000008000000       0xc0
                0x0000000008000000                . = ALIGN (0x4)
 *(.isr_vector)
 .isr_vector    0x0000000008000000       0xc0 build/startup_py32f002xx.o
                0x0000000008000000                g_pfnVectors
                0x00000000080000c0                . = ALIGN (0x4)

.text           0x00000000080000c0     0x4820
                0x00000000080000c0                . = ALIGN (0x4)
 *(.text)
 .text          0x00000000080000c0     0x3680 /tmp/py32f002_servo.elf.6SDmn9.ltrans0.ltrans.o
                0x0000000008002604                _init
                0x0000000008002606                entry
                0x00000000080035ec                NMI_Handler
                0x00000000080035ee                HardFault_Handler
                0x00000000080035f4                SVC_Handler
                0x00000000080035f6                PendSV_Handler
                0x00000000080035f8                SysTick_Handler
                0x0000000008003608                EXTI2_3_IRQHandler
                0x0000000008003620                EXTI4_15_IRQHandler
                0x0000000008003622                TIM1_CC_IRQHandler
                0x000000000800362a                TIM16_IRQHandler
                0x00000000080036d0                USART1_IRQHandler
                0x0000000008003710                SystemInit
 .text          0x0000000008003740       0x44 /usr/lib/gcc/arm-none-eabi/10.3.1/../../../arm-none-eabi/lib/thumb/v6-m/nofp/libc_nano.a(lib_a-init.o)
                0x0000000008003740                __libc_init_array
 .text          0x0000000008003784       0xa4 /usr/lib/gcc/arm-none-eabi/10.3.1/../../../arm-none-eabi/lib/thumb/v6-m/nofp/libc_nano.a(lib_a-memcpy-stub.o)
                0x0000000008003784                memcpy
 .text          0x0000000008003828       0xa8 /usr/lib/gcc/arm-none-eabi/10.3.1/../../../arm-none-eabi/lib/thumb/v6-m/nofp/libc_nano.a(lib_a-memset.o)
                0x0000000008003828                memset
 .text          0x00000000080038d0      0x100 /usr/lib/gcc/arm-none-eabi/10.3.1/../../../arm-none-eabi/lib/thumb/v6-m/nofp/libc_nano.a(lib_a-snprintf.o)
                0x00000000080038d0                _sniprintf_r
                0x00000000080038d0                _snprintf_r
                0x000000000800394c                snprintf
                0x000000000800394c                sniprintf
 .text          0x00000000080039d0       0x10 /usr/lib/gcc/arm-none-eabi/10.3.1/../../../arm-none-eabi/lib/thumb/v6-m/nofp/libc_nano.a(lib_a-strcpy.o)
                0x00000000080039d0                strcpy
 .text          0x00000000080039e0       0x5c /usr/lib/gcc/arm-none-eabi/10.3.1/../../../arm-none-eabi/lib/thumb/v6-m/nofp/libc_nano.a(lib_a-strlen-stub.o)
                0x00000000080039e0                strlen
 .text          0x0000000008003a3c      0x428 /usr/lib/gcc/arm-none-eabi/10.3.1/../../../arm-none-eabi/lib/thumb/v6-m/nofp/libc_nano.a(lib_a-nano-svfprintf.o)
                0x0000000008003a3c                __ssputs_r
                0x0000000008003b14                __ssprint_r
                0x0000000008003c28                _svfprintf_r
                0x0000000008003c28                _svfiprintf_r
 .text          0x0000000008003e64      0x3c4 /usr/lib/gcc/arm-none-eabi/10.3.1/../../../arm-none-eabi/lib/thumb/v6-m/nofp/libc_nano.a(lib_a-nano-vfprintf_i.o)
                0x0000000008003e64                _printf_common
                0x0000000008003fa0                _printf_i
 .text          0x0000000008004228       0x74 /usr/lib/gcc/arm-none-eabi/10.3.1/../../../arm-none-eabi/lib/thumb/v6-m/nofp/libc_nano.a(lib_a-memchr-stub.o)
                0x0000000008004228                memchr
 .text          0x000000000800429c       0xac /usr/lib/gcc/arm-none-eabi/10.3.1/../../../arm-none-eabi/lib/thumb/v6-m/nofp/libc_nano.a(lib_a-memmove.o)
                0x000000000800429c                memmove
 .text          0x0000000008004348       0xc0 /usr/lib/gcc/arm-none-eabi/10.3.1/../../../arm-none-eabi/lib/thumb/v6-m/nofp/libc_nano.a(lib_a-nano-freer.o)
                0x0000000008004348                _free_r
 .text          0x0000000008004408       0xc4 /usr/lib/gcc/arm-none-eabi/10.3.1/../../../arm-none-eabi/lib/thumb/v6-m/nofp/libc_nano.a(lib_a-nano-mallocr.o)
                0x0000000008004408                _malloc_r
 .text          0x00000000080044cc       0x50 /usr/lib/gcc/arm-none-eabi/10.3.1/../../../arm-none-eabi/lib/thumb/v6-m/nofp/libc_nano.a(lib_a-nano-reallocr.o)
                0x00000000080044cc                _realloc_r
 .text          0x000000000800451c       0x24 /usr/lib/gcc/arm-none-eabi/10.3.1/../../../arm-none-eabi/lib/thumb/v6-m/nofp/libc_nano.a(lib_a-sbrkr.o)
                0x000000000800451c                _sbrk_r
 .text          0x0000000008004540        0x8 /usr/lib/gcc/arm-none-eabi/10.3.1/../../../arm-none-eabi/lib/thumb/v6-m/nofp/libc_nano.a(lib_a-mlock.o)
                0x0000000008004540                __malloc_lock
                0x0000000008004544                __malloc_unlock
 .text          0x0000000008004548       0x14 /usr/lib/gcc/arm-none-eabi/10.3.1/../../../arm-none-eabi/lib/thumb/v6-m/nofp/libc_nano.a(lib_a-nano-msizer.o)
                0x0000000008004548                _malloc_usable_size_r
 .text          0x000000000800455c       0x1c /usr/lib/gcc/arm-none-eabi/10.3.1/../../../arm-none-eabi/lib/thumb/v6-m/nofp/libnosys.a(sbrk.o)
                0x000000000800455c                _sbrk
 .text          0x0000000008004578       0x14 /usr/lib/gcc/arm-none-eabi/10.3.1/thumb/v6-m/nofp/libgcc.a(_thumb1_case_sqi.o)
                0x0000000008004578                __gnu_thumb1_case_sqi
 .text          0x000000000800458c       0x14 /usr/lib/gcc/arm-none-eabi/10.3.1/thumb/v6-m/nofp/libgcc.a(_thumb1_case_shi.o)
                0x000000000800458c                __gnu_thumb1_case_shi
 .text          0x00000000080045a0      0x114 /usr/lib/gcc/arm-none-eabi/10.3.1/thumb/v6-m/nofp/libgcc.a(_udivsi3.o)
                0x00000000080045a0                __udivsi3
                0x00000000080045a0                __aeabi_uidiv
                0x00000000080046ac                __aeabi_uidivmod
 .text          0x00000000080046b4      0x1d4 /usr/lib/gcc/arm-none-eabi/10.3.1/thumb/v6-m/nofp/libgcc.a(_divsi3.o)
                0x00000000080046b4                __aeabi_idiv
                0x00000000080046b4                __divsi3
                0x0000000008004880                __aeabi_idivmod
 .text          0x0000000008004888        0x4 /usr/lib/gcc/arm-none-eabi/10.3.1/thumb/v6-m/nofp/libgcc.a(_dvmd_tls.o)
                0x0000000008004888                __aeabi_ldiv0
                0x0000000008004888                __aeabi_idiv0
 *(.text*)
 .text.Reset_Handler
                0x000000000800488c       0x50 build/startup_py32f002xx.o
                0x000000000800488c                Reset_Handler
 .text.Default_Handler
                0x00000000080048dc        0x2 build/startup_py32f002xx.o
                0x00000000080048dc                I2C1_IRQHandler
                0x00000000080048dc                SPI1_IRQHandler
                0x00000000080048dc                RCC_IRQHandler
                0x00000000080048dc                Default_Handler
                0x00000000080048dc                EXTI0_1_IRQHandler
                0x00000000080048dc                ADC_COMP_IRQHandler
                0x00000000080048dc                FLASH_IRQHandler
                0x00000000080048dc                TIM1_BRK_UP_TRG_COM_IRQHandler
                0x00000000080048dc                LPTIM1_IRQHandler
 *(.glue_7)
 .glue_7        0x00000000080048de        0x0 linker stubs
 *(.glue_7t)
 .glue_7t       0x00000000080048de        0x0 linker stubs
 *(.eh_frame)
 *(.init)
 *(.fini)
                0x00000000080048e0                . = ALIGN (0x4)
 *fill*         0x00000000080048de        0x2 
                0x00000000080048e0                _etext = .

.vfp11_veneer   0x00000000080048e0        0x0
 .vfp11_veneer  0x00000000080048e0        0x0 linker stubs

.v4_bx          0x00000000080048e0        0x0
 .v4_bx         0x00000000080048e0        0x0 linker stubs

.iplt           0x00000000080048e0        0x0
 .iplt          0x00000000080048e0        0x0 build/startup_py32f002xx.o

.rodata         0x00000000080048e0      0x314
                0x00000000080048e0                . = ALIGN (0x4)
 *(.rodata)
 .rodata        0x00000000080048e0       0xa0 /tmp/py32f002_servo.elf.6SDmn9.ltrans0.ltrans.o
 .rodata        0x0000000008004980       0x84 /usr/lib/gcc/arm-none-eabi/10.3.1/../../../arm-none-eabi/lib/thumb/v6-m/nofp/libc_nano.a(lib_a-nano-vfprintf_i.o)
 *(.rodata*)
 .rodata.str1.1
                0x0000000008004a04      0x1b1 /tmp/py32f002_servo.elf.6SDmn9.ltrans0.ltrans.o
                                        0x1c4 (size before relaxing)
 *fill*         0x0000000008004bb5        0x3 
 .rodata.str1.4
                0x0000000008004bb8       0x13 /usr/lib/gcc/arm-none-eabi/10.3.1/../../../arm-none-eabi/lib/thumb/v6-m/nofp/libc_nano.a(lib_a-nano-svfprintf.o)
 *fill*         0x0000000008004bcb        0x1 
 .rodata.str1.4
                0x0000000008004bcc       0x25 /usr/lib/gcc/arm-none-eabi/10.3.1/../../../arm-none-eabi/lib/thumb/v6-m/nofp/libc_nano.a(lib_a-nano-vfprintf_i.o)
                0x0000000008004bf4                . = ALIGN (0x4)
 *fill*         0x0000000008004bf1        0x3 

.rel.dyn        0x0000000008004bf4        0x0
 .rel.iplt      0x0000000008004bf4        0x0 build/startup_py32f002xx.o

.ARM.extab
 *(.ARM.extab* .gnu.linkonce.armextab.*)

.ARM            0x0000000008004bf4        0x0
                0x0000000008004bf4                __exidx_start = .
 *(.ARM.exidx*)
                0x0000000008004bf4                __exidx_end = .

.preinit_array  0x0000000008004bf4        0x0
                0x0000000008004bf4                PROVIDE (__preinit_array_start = .)
 *(.preinit_array*)
                0x0000000008004bf4                PROVIDE (__preinit_array_end = .)

.init_array     0x0000000008004bf4        0x0
                0x0000000008004bf4                PROVIDE (__init_array_start = .)
 *(SORT_BY_NAME(.init_array.*))
 *(.init_array*)
                0x0000000008004bf4                PROVIDE (__init_array_end = .)

.fini_array     0x0000000008004bf4        0x0
                [!provide]                        PROVIDE (__fini_array_start = .)
 *(SORT_BY_NAME(.fini_array.*))
 *(.fini_array*)
                [!provide]                        PROVIDE (__fini_array_end = .)
                0x0000000008004bf4                _sidata = LOADADDR (.data)

.vect_data      0x0000000020000000        0x0 load address 0x0000000008004bf4
                0x0000000020000000                . = ALIGN (0x4)
 *(.vectable_sram)

.data           0x0000000020000000      0x2a4 load address 0x0000000008004bf4
                0x0000000020000000                . = ALIGN (0x4)
                0x0000000020000000                _sdata = .
 *(.data)
 .data          0x0000000020000000      0x240 /tmp/py32f002_servo.elf.6SDmn9.ltrans0.ltrans.o
 .data          0x0000000020000240       0x64 /usr/lib/gcc/arm-none-eabi/10.3.1/../../../arm-none-eabi/lib/thumb/v6-m/nofp/libc_nano.a(lib_a-impure.o)
                0x0000000020000240                _impure_ptr
 *(.data*)
                0x00000000200002a4                . = ALIGN (0x4)
                0x00000000200002a4                _edata = .

.igot.plt       0x00000000200002a4        0x0 load address 0x0000000008004e98
 .igot.plt      0x00000000200002a4        0x0 build/startup_py32f002xx.o
                0x00000000200002a4                . = ALIGN (0x4)

.bss            0x00000000200002a4      0x514 load address 0x0000000008004e98
                0x00000000200002a4                _sbss = .
                0x00000000200002a4                __bss_start__ = _sbss
 *(.bss)
 .bss           0x00000000200002a4      0x504 /tmp/py32f002_servo.elf.6SDmn9.ltrans0.ltrans.o
 .bss           0x00000000200007a8        0x8 /usr/lib/gcc/arm-none-eabi/10.3.1/../../../arm-none-eabi/lib/thumb/v6-m/nofp/libc_nano.a(lib_a-nano-mallocr.o)
                0x00000000200007a8                __malloc_free_list
                0x00000000200007ac                __malloc_sbrk_start
 .bss           0x00000000200007b0        0x4 /usr/lib/gcc/arm-none-eabi/10.3.1/../../../arm-none-eabi/lib/thumb/v6-m/nofp/libc_nano.a(lib_a-reent.o)
                0x00000000200007b0                errno
 .bss           0x00000000200007b4        0x4 /usr/lib/gcc/arm-none-eabi/10.3.1/../../../arm-none-eabi/lib/thumb/v6-m/nofp/libnosys.a(sbrk.o)
 *(.bss*)
 *(COMMON)
                0x00000000200007b8                . = ALIGN (0x4)
                0x00000000200007b8                _ebss = .
                0x00000000200007b8                __bss_end__ = _ebss

._user_heap_stack
                0x00000000200007b8      0x400 load address 0x0000000008004e98
                0x00000000200007b8                . = ALIGN (0x8)
                0x00000000200007b8                PROVIDE (end = .)
                [!provide]                        PROVIDE (_end = .)
                0x00000000200007b8                . = (. + _Min_Heap_Size)
                0x0000000020000bb8                . = (. + _Min_Stack_Size)
 *fill*         0x00000000200007b8      0x400 
                0x0000000020000bb8                . = ALIGN (0x8)

.servo_params   0x0000000008004f80        0x0
                0x0000000008004f80                . = ALIGN (0x4)
 *(.servo_params)
                0x0000000008004f80                . = ALIGN (0x4)

/DISCARD/
 libc.a(*)
 libm.a(*)
 libgcc.a(*)

.ARM.attributes
                0x0000000000000000       0x2a
 *(.ARM.attributes)
 .ARM.attributes
                0x0000000000000000       0x2a /tmp/py32f002_servo.elf.6SDmn9.ltrans0.ltrans.o
 .ARM.attributes
                0x000000000000002a       0x22 build/startup_py32f002xx.o
 .ARM.attributes
                0x000000000000004c       0x2c /usr/lib/gcc/arm-none-eabi/10.3.1/../../../arm-none-eabi/lib/thumb/v6-m/nofp/libc_nano.a(lib_a-init.o)
 .ARM.attributes
                0x0000000000000078       0x2c /usr/lib/gcc/arm-none-eabi/10.3.1/../../../arm-none-eabi/lib/thumb/v6-m/nofp/libc_nano.a(lib_a-memcpy-stub.o)
 .ARM.attributes
                0x00000000000000a4       0x2c /usr/lib/gcc/arm-none-eabi/10.3.1/../../../arm-none-eabi/lib/thumb/v6-m/nofp/libc_nano.a(lib_a-memset.o)
 .ARM.attributes
                0x00000000000000d0       0x2c /usr/lib/gcc/arm-none-eabi/10.3.1/../../../arm-none-eabi/lib/thumb/v6-m/nofp/libc_nano.a(lib_a-snprintf.o)
 .ARM.attributes
                0x00000000000000fc       0x2c /usr/lib/gcc/arm-none-eabi/10.3.1/../../../arm-none-eabi/lib/thumb/v6-m/nofp/libc_nano.a(lib_a-strcpy.o)
 .ARM.attributes
                0x0000000000000128       0x2c /usr/lib/gcc/arm-none-eabi/10.3.1/../../../arm-none-eabi/lib/thumb/v6-m/nofp/libc_nano.a(lib_a-strlen-stub.o)
 .ARM.attributes
                0x0000000000000154       0x2c /usr/lib/gcc/arm-none-eabi/10.3.1/../../../arm-none-eabi/lib/thumb/v6-m/nofp/libc_nano.a(lib_a-impure.o)
 .ARM.attributes
                0x0000000000000180       0x2c /usr/lib/gcc/arm-none-eabi/10.3.1/../../../arm-none-eabi/lib/thumb/v6-m/nofp/libc_nano.a(lib_a-nano-svfprintf.o)
 .ARM.attributes
                0x00000000000001ac       0x2c /usr/lib/gcc/arm-none-eabi/10.3.1/../../../arm-none-eabi/lib/thumb/v6-m/nofp/libc_nano.a(lib_a-nano-vfprintf_i.o)
 .ARM.attributes
                0x00000000000001d8       0x2c /usr/lib/gcc/arm-none-eabi/10.3.1/../../../arm-none-eabi/lib/thumb/v6-m/nofp/libc_nano.a(lib_a-memchr-stub.o)
 .ARM.attributes
                0x0000000000000204       0x2c /usr/lib/gcc/arm-none-eabi/10.3.1/../../../arm-none-eabi/lib/thumb/v6-m/nofp/libc_nano.a(lib_a-memmove.o)
 .ARM.attributes
                0x0000000000000230       0x2c /usr/lib/gcc/arm-none-eabi/10.3.1/../../../arm-none-eabi/lib/thumb/v6-m/nofp/libc_nano.a(lib_a-nano-freer.o)
 .ARM.attributes
                0x000000000000025c       0x2c /usr/lib/gcc/arm-none-eabi/10.3.1/../../../arm-none-eabi/lib/thumb/v6-m/nofp/libc_nano.a(lib_a-nano-mallocr.o)
 .ARM.attributes
                0x0000000000000288       0x2c /usr/lib/gcc/arm-none-eabi/10.3.1/../../../arm-none-eabi/lib/thumb/v6-m/nofp/libc_nano.a(lib_a-nano-reallocr.o)
 .ARM.attributes
                0x00000000000002b4       0x2c /usr/lib/gcc/arm-none-eabi/10.3.1/../../../arm-none-eabi/lib/thumb/v6-m/nofp/libc_nano.a(lib_a-sbrkr.o)
 .ARM.attributes
                0x00000000000002e0       0x2c /usr/lib/gcc/arm-none-eabi/10.3.1/../../../arm-none-eabi/lib/thumb/v6-m/nofp/libc_nano.a(lib_a-mlock.o)
 .ARM.attributes
                0x000000000000030c       0x2c /usr/lib/gcc/arm-none-eabi/10.3.1/../../../arm-none-eabi/lib/thumb/v6-m/nofp/libc_nano.a(lib_a-nano-msizer.o)
 .ARM.attributes
                0x0000000000000338       0x2c /usr/lib/gcc/arm-none-eabi/10.3.1/../../../arm-none-eabi/lib/thumb/v6-m/nofp/libc_nano.a(lib_a-reent.o)
 .ARM.attributes
                0x0000000000000364       0x2c /usr/lib/gcc/arm-none-eabi/10.3.1/../../../arm-none-eabi/lib/thumb/v6-m/nofp/libnosys.a(sbrk.o)
 .ARM.attributes
                0x0000000000000390       0x1e /usr/lib/gcc/arm-none-eabi/10.3.1/thumb/v6-m/nofp/libgcc.a(_thumb1_case_sqi.o)
 .ARM.attributes
                0x00000000000003ae       0x1e /usr/lib/gcc/arm-none-eabi/10.3.1/thumb/v6-m/nofp/libgcc.a(_thumb1_case_shi.o)
 .ARM.attributes
                0x00000000000003cc       0x1e /usr/lib/gcc/arm-none-eabi/10.3.1/thumb/v6-m/nofp/libgcc.a(_udivsi3.o)
 .ARM.attributes
                0x00000000000003ea       0x1e /usr/lib/gcc/arm-none-eabi/10.3.1/thumb/v6-m/nofp/libgcc.a(_divsi3.o)
 .ARM.attributes
                0x0000000000000408       0x1e /usr/lib/gcc/arm-none-eabi/10.3.1/thumb/v6-m/nofp/libgcc.a(_dvmd_tls.o)
OUTPUT(build/py32f002_servo.elf elf32-littlearm)
LOAD linker stubs
LOAD /usr/lib/gcc/arm-none-eabi/10.3.1/../../../arm-none-eabi/lib/thumb/v6-m/nofp/libc.a
LOAD /usr/lib/gcc/arm-none-eabi/10.3.1/../../../arm-none-eabi/lib/thumb/v6-m/nofp/libm.a
LOAD /usr/lib/gcc/arm-none-eabi/10.3.1/thumb/v6-m/nofp/libgcc.a

.comment        0x0000000000000000       0x33
 .comment       0x0000000000000000       0x34 /tmp/py32f002_servo.elf.6SDmn9.ltrans0.ltrans.o
 .comment       0x0000000000000000       0x33 /usr/lib/gcc/arm-none-eabi/10.3.1/../../../arm-none-eabi/lib/thumb/v6-m/nofp/libc_nano.a(lib_a-init.o)
                                         0x34 (size before relaxing)
 .comment       0x0000000000000033       0x34 /usr/lib/gcc/arm-none-eabi/10.3.1/../../../arm-none-eabi/lib/thumb/v6-m/nofp/libc_nano.a(lib_a-memcpy-stub.o)
 .comment       0x0000000000000033       0x34 /usr/lib/gcc/arm-none-eabi/10.3.1/../../../arm-none-eabi/lib/thumb/v6-m/nofp/libc_nano.a(lib_a-memset.o)
 .comment       0x0000000000000033       0x34 /usr/lib/gcc/arm-none-eabi/10.3.1/../../../arm-none-eabi/lib/thumb/v6-m/nofp/libc_nano.a(lib_a-snprintf.o)
 .comment       0x0000000000000033       0x34 /usr/lib/gcc/arm-none-eabi/10.3.1/../../../arm-none-eabi/lib/thumb/v6-m/nofp/libc_nano.a(lib_a-strcpy.o)
 .comment       0x0000000000000033       0x34 /usr/lib/gcc/arm-none-eabi/10.3.1/../../../arm-none-eabi/lib/thumb/v6-m/nofp/libc_nano.a(lib_a-strlen-stub.o)
 .comment       0x0000000000000033       0x34 /usr/lib/gcc/arm-none-eabi/10.3.1/../../../arm-none-eabi/lib/thumb/v6-m/nofp/libc_nano.a(lib_a-impure.o)
 .comment       0x0000000000000033       0x34 /usr/lib/gcc/arm-none-eabi/10.3.1/../../../arm-none-eabi/lib/thumb/v6-m/nofp/libc_nano.a(lib_a-nano-svfprintf.o)
 .comment       0x0000000000000033       0x34 /usr/lib/gcc/arm-none-eabi/10.3.1/../../../arm-none-eabi/lib/thumb/v6-m/nofp/libc_nano.a(lib_a-nano-vfprintf_i.o)
 .comment       0x0000000000000033       0x34 /usr/lib/gcc/arm-none-eabi/10.3.1/../../../arm-none-eabi/lib/thumb/v6-m/nofp/libc_nano.a(lib_a-memchr-stub.o)
 .comment       0x0000000000000033       0x34 /usr/lib/gcc/arm-none-eabi/10.3.1/../../../arm-none-eabi/lib/thumb/v6-m/nofp/libc_nano.a(lib_a-memmove.o)
 .comment       0x0000000000000033       0x34 /usr/lib/gcc/arm-none-eabi/10.3.1/../../../arm-none-eabi/lib/thumb/v6-m/nofp/libc_nano.a(lib_a-nano-freer.o)
 .comment       0x0000000000000033       0x34 /usr/lib/gcc/arm-none-eabi/10.3.1/../../../arm-none-eabi/lib/thumb/v6-m/nofp/libc_nano.a(lib_a-nano-mallocr.o)
 .comment       0x0000000000000033       0x34 /usr/lib/gcc/arm-none-eabi/10.3.1/../../../arm-none-eabi/lib/thumb/v6-m/nofp/libc_nano.a(lib_a-nano-reallocr.o)
 .comment       0x0000000000000033       0x34 /usr/lib/gcc/arm-none-eabi/10.3.1/../../../arm-none-eabi/lib/thumb/v6-m/nofp/libc_nano.a(lib_a-sbrkr.o)
 .comment       0x0000000000000033       0x34 /usr/lib/gcc/arm-none-eabi/10.3.1/../../../arm-none-eabi/lib/thumb/v6-m/nofp/libc_nano.a(lib_a-mlock.o)
 .comment       0x0000000000000033       0x34 /usr/lib/gcc/arm-none-eabi/10.3.1/../../../arm-none-eabi/lib/thumb/v6-m/nofp/libc_nano.a(lib_a-nano-msizer.o)
 .comment       0x0000000000000033       0x34 /usr/lib/gcc/arm-none-eabi/10.3.1/../../../arm-none-eabi/lib/thumb/v6-m/nofp/libc_nano.a(lib_a-reent.o)
 .comment       0x0000000000000033       0x34 /usr/lib/gcc/arm-none-eabi/10.3.1/../../../arm-none-eabi/lib/thumb/v6-m/nofp/libnosys.a(sbrk.o)

.debug_info     0x0000000000000000     0x7a0f
 .debug_info    0x0000000000000000      0x11a /usr/lib/gcc/arm-none-eabi/10.3.1/../../../arm-none-eabi/lib/thumb/v6-m/nofp/libc_nano.a(lib_a-init.o)
 .debug_info    0x000000000000011a      0x15c /usr/lib/gcc/arm-none-eabi/10.3.1/../../../arm-none-eabi/lib/thumb/v6-m/nofp/libc_nano.a(lib_a-memcpy-stub.o)
 .debug_info    0x0000000000000276      0x13d /usr/lib/gcc/arm-none-eabi/10.3.1/../../../arm-none-eabi/lib/thumb/v6-m/nofp/libc_nano.a(lib_a-memset.o)
 .debug_info    0x00000000000003b3      0x9b9 /usr/lib/gcc/arm-none-eabi/10.3.1/../../../arm-none-eabi/lib/thumb/v6-m/nofp/libc_nano.a(lib_a-snprintf.o)
 .debug_info    0x0000000000000d6c       0xc4 /usr/lib/gcc/arm-none-eabi/10.3.1/../../../arm-none-eabi/lib/thumb/v6-m/nofp/libc_nano.a(lib_a-strcpy.o)
 .debug_info    0x0000000000000e30       0xee /usr/lib/gcc/arm-none-eabi/10.3.1/../../../arm-none-eabi/lib/thumb/v6-m/nofp/libc_nano.a(lib_a-strlen-stub.o)
 .debug_info    0x0000000000000f1e      0x863 /usr/lib/gcc/arm-none-eabi/10.3.1/../../../arm-none-eabi/lib/thumb/v6-m/nofp/libc_nano.a(lib_a-impure.o)
 .debug_info    0x0000000000001781     0x10e0 /usr/lib/gcc/arm-none-eabi/10.3.1/../../../arm-none-eabi/lib/thumb/v6-m/nofp/libc_nano.a(lib_a-nano-svfprintf.o)
 .debug_info    0x0000000000002861      0xeb3 /usr/lib/gcc/arm-none-eabi/10.3.1/../../../arm-none-eabi/lib/thumb/v6-m/nofp/libc_nano.a(lib_a-nano-vfprintf_i.o)
 .debug_info    0x0000000000003714      0x14e /usr/lib/gcc/arm-none-eabi/10.3.1/../../../arm-none-eabi/lib/thumb/v6-m/nofp/libc_nano.a(lib_a-memchr-stub.o)
 .debug_info    0x0000000000003862      0x152 /usr/lib/gcc/arm-none-eabi/10.3.1/../../../arm-none-eabi/lib/thumb/v6-m/nofp/libc_nano.a(lib_a-memmove.o)
 .debug_info    0x00000000000039b4      0x928 /usr/lib/gcc/arm-none-eabi/10.3.1/../../../arm-none-eabi/lib/thumb/v6-m/nofp/libc_nano.a(lib_a-nano-freer.o)
 .debug_info    0x00000000000042dc      0xa09 /usr/lib/gcc/arm-none-eabi/10.3.1/../../../arm-none-eabi/lib/thumb/v6-m/nofp/libc_nano.a(lib_a-nano-mallocr.o)
 .debug_info    0x0000000000004ce5      0x910 /usr/lib/gcc/arm-none-eabi/10.3.1/../../../arm-none-eabi/lib/thumb/v6-m/nofp/libc_nano.a(lib_a-nano-reallocr.o)
 .debug_info    0x00000000000055f5      0x828 /usr/lib/gcc/arm-none-eabi/10.3.1/../../../arm-none-eabi/lib/thumb/v6-m/nofp/libc_nano.a(lib_a-sbrkr.o)
 .debug_info    0x0000000000005e1d      0x7dc /usr/lib/gcc/arm-none-eabi/10.3.1/../../../arm-none-eabi/lib/thumb/v6-m/nofp/libc_nano.a(lib_a-mlock.o)
 .debug_info    0x00000000000065f9      0x840 /usr/lib/gcc/arm-none-eabi/10.3.1/../../../arm-none-eabi/lib/thumb/v6-m/nofp/libc_nano.a(lib_a-nano-msizer.o)
 .debug_info    0x0000000000006e39      0xa7b /usr/lib/gcc/arm-none-eabi/10.3.1/../../../arm-none-eabi/lib/thumb/v6-m/nofp/libc_nano.a(lib_a-reent.o)
 .debug_info    0x00000000000078b4       0x9d /usr/lib/gcc/arm-none-eabi/10.3.1/../../../arm-none-eabi/lib/thumb/v6-m/nofp/libnosys.a(sbrk.o)
 .debug_info    0x0000000000007951       0x26 /usr/lib/gcc/arm-none-eabi/10.3.1/thumb/v6-m/nofp/libgcc.a(_thumb1_case_sqi.o)
 .debug_info    0x0000000000007977       0x26 /usr/lib/gcc/arm-none-eabi/10.3.1/thumb/v6-m/nofp/libgcc.a(_thumb1_case_shi.o)
 .debug_info    0x000000000000799d       0x26 /usr/lib/gcc/arm-none-eabi/10.3.1/thumb/v6-m/nofp/libgcc.a(_udivsi3.o)
 .debug_info    0x00000000000079c3       0x26 /usr/lib/gcc/arm-none-eabi/10.3.1/thumb/v6-m/nofp/libgcc.a(_divsi3.o)
 .debug_info    0x00000000000079e9       0x26 /usr/lib/gcc/arm-none-eabi/10.3.1/thumb/v6-m/nofp/libgcc.a(_dvmd_tls.o)

.debug_abbrev   0x0000000000000000     0x1c91
 .debug_abbrev  0x0000000000000000       0xcc /usr/lib/gcc/arm-none-eabi/10.3.1/../../../arm-none-eabi/lib/thumb/v6-m/nofp/libc_nano.a(lib_a-init.o)
 .debug_abbrev  0x00000000000000cc       0xc7 /usr/lib/gcc/arm-none-eabi/10.3.1/../../../arm-none-eabi/lib/thumb/v6-m/nofp/libc_nano.a(lib_a-memcpy-stub.o)
 .debug_abbrev  0x0000000000000193       0xb4 /usr/lib/gcc/arm-none-eabi/10.3.1/../../../arm-none-eabi/lib/thumb/v6-m/nofp/libc_nano.a(lib_a-memset.o)
 .debug_abbrev  0x0000000000000247      0x216 /usr/lib/gcc/arm-none-eabi/10.3.1/../../../arm-none-eabi/lib/thumb/v6-m/nofp/libc_nano.a(lib_a-snprintf.o)
 .debug_abbrev  0x000000000000045d       0x7b /usr/lib/gcc/arm-none-eabi/10.3.1/../../../arm-none-eabi/lib/thumb/v6-m/nofp/libc_nano.a(lib_a-strcpy.o)
 .debug_abbrev  0x00000000000004d8       0x8f /usr/lib/gcc/arm-none-eabi/10.3.1/../../../arm-none-eabi/lib/thumb/v6-m/nofp/libc_nano.a(lib_a-strlen-stub.o)
 .debug_abbrev  0x0000000000000567      0x151 /usr/lib/gcc/arm-none-eabi/10.3.1/../../../arm-none-eabi/lib/thumb/v6-m/nofp/libc_nano.a(lib_a-impure.o)
 .debug_abbrev  0x00000000000006b8      0x2ca /usr/lib/gcc/arm-none-eabi/10.3.1/../../../arm-none-eabi/lib/thumb/v6-m/nofp/libc_nano.a(lib_a-nano-svfprintf.o)
 .debug_abbrev  0x0000000000000982      0x292 /usr/lib/gcc/arm-none-eabi/10.3.1/../../../arm-none-eabi/lib/thumb/v6-m/nofp/libc_nano.a(lib_a-nano-vfprintf_i.o)
 .debug_abbrev  0x0000000000000c14       0xd4 /usr/lib/gcc/arm-none-eabi/10.3.1/../../../arm-none-eabi/lib/thumb/v6-m/nofp/libc_nano.a(lib_a-memchr-stub.o)
 .debug_abbrev  0x0000000000000ce8       0xc0 /usr/lib/gcc/arm-none-eabi/10.3.1/../../../arm-none-eabi/lib/thumb/v6-m/nofp/libc_nano.a(lib_a-memmove.o)
 .debug_abbrev  0x0000000000000da8      0x232 /usr/lib/gcc/arm-none-eabi/10.3.1/../../../arm-none-eabi/lib/thumb/v6-m/nofp/libc_nano.a(lib_a-nano-freer.o)
 .debug_abbrev  0x0000000000000fda      0x297 /usr/lib/gcc/arm-none-eabi/10.3.1/../../../arm-none-eabi/lib/thumb/v6-m/nofp/libc_nano.a(lib_a-nano-mallocr.o)
 .debug_abbrev  0x0000000000001271      0x1d3 /usr/lib/gcc/arm-none-eabi/10.3.1/../../../arm-none-eabi/lib/thumb/v6-m/nofp/libc_nano.a(lib_a-nano-reallocr.o)
 .debug_abbrev  0x0000000000001444      0x1d6 /usr/lib/gcc/arm-none-eabi/10.3.1/../../../arm-none-eabi/lib/thumb/v6-m/nofp/libc_nano.a(lib_a-sbrkr.o)
 .debug_abbrev  0x000000000000161a      0x189 /usr/lib/gcc/arm-none-eabi/10.3.1/../../../arm-none-eabi/lib/thumb/v6-m/nofp/libc_nano.a(lib_a-mlock.o)
 .debug_abbrev  0x00000000000017a3      0x191 /usr/lib/gcc/arm-none-eabi/10.3.1/../../../arm-none-eabi/lib/thumb/v6-m/nofp/libc_nano.a(lib_a-nano-msizer.o)
 .debug_abbrev  0x0000000000001934      0x257 /usr/lib/gcc/arm-none-eabi/10.3.1/../../../arm-none-eabi/lib/thumb/v6-m/nofp/libc_nano.a(lib_a-reent.o)
 .debug_abbrev  0x0000000000001b8b       0xa2 /usr/lib/gcc/arm-none-eabi/10.3.1/../../../arm-none-eabi/lib/thumb/v6-m/nofp/libnosys.a(sbrk.o)
 .debug_abbrev  0x0000000000001c2d       0x14 /usr/lib/gcc/arm-none-eabi/10.3.1/thumb/v6-m/nofp/libgcc.a(_thumb1_case_sqi.o)
 .debug_abbrev  0x0000000000001c41       0x14 /usr/lib/gcc/arm-none-eabi/10.3.1/thumb/v6-m/nofp/libgcc.a(_thumb1_case_shi.o)
 .debug_abbrev  0x0000000000001c55       0x14 /usr/lib/gcc/arm-none-eabi/10.3.1/thumb/v6-m/nofp/libgcc.a(_udivsi3.o)
 .debug_abbrev  0x0000000000001c69       0x14 /usr/lib/gcc/arm-none-eabi/10.3.1/thumb/v6-m/nofp/libgcc.a(_divsi3.o)
 .debug_abbrev  0x0000000000001c7d       0x14 /usr/lib/gcc/arm-none-eabi/10.3.1/thumb/v6-m/nofp/libgcc.a(_dvmd_tls.o)

.debug_loc      0x0000000000000000     0x2b7c
 .debug_loc     0x0000000000000000       0x98 /usr/lib/gcc/arm-none-eabi/10.3.1/../../../arm-none-eabi/lib/thumb/v6-m/nofp/libc_nano.a(lib_a-init.o)
 .debug_loc     0x0000000000000098      0x457 /usr/lib/gcc/arm-none-eabi/10.3.1/../../../arm-none-eabi/lib/thumb/v6-m/nofp/libc_nano.a(lib_a-memcpy-stub.o)
 .debug_loc     0x00000000000004ef      0x2a3 /usr/lib/gcc/arm-none-eabi/10.3.1/../../../arm-none-eabi/lib/thumb/v6-m/nofp/libc_nano.a(lib_a-memset.o)
 .debug_loc     0x0000000000000792      0x276 /usr/lib/gcc/arm-none-eabi/10.3.1/../../../arm-none-eabi/lib/thumb/v6-m/nofp/libc_nano.a(lib_a-snprintf.o)
 .debug_loc     0x0000000000000a08       0x25 /usr/lib/gcc/arm-none-eabi/10.3.1/../../../arm-none-eabi/lib/thumb/v6-m/nofp/libc_nano.a(lib_a-strcpy.o)
 .debug_loc     0x0000000000000a2d       0x90 /usr/lib/gcc/arm-none-eabi/10.3.1/../../../arm-none-eabi/lib/thumb/v6-m/nofp/libc_nano.a(lib_a-strlen-stub.o)
 .debug_loc     0x0000000000000abd      0xa08 /usr/lib/gcc/arm-none-eabi/10.3.1/../../../arm-none-eabi/lib/thumb/v6-m/nofp/libc_nano.a(lib_a-nano-svfprintf.o)
 .debug_loc     0x00000000000014c5      0x660 /usr/lib/gcc/arm-none-eabi/10.3.1/../../../arm-none-eabi/lib/thumb/v6-m/nofp/libc_nano.a(lib_a-nano-vfprintf_i.o)
 .debug_loc     0x0000000000001b25      0x21d /usr/lib/gcc/arm-none-eabi/10.3.1/../../../arm-none-eabi/lib/thumb/v6-m/nofp/libc_nano.a(lib_a-memchr-stub.o)
 .debug_loc     0x0000000000001d42      0x508 /usr/lib/gcc/arm-none-eabi/10.3.1/../../../arm-none-eabi/lib/thumb/v6-m/nofp/libc_nano.a(lib_a-memmove.o)
 .debug_loc     0x000000000000224a      0x1d8 /usr/lib/gcc/arm-none-eabi/10.3.1/../../../arm-none-eabi/lib/thumb/v6-m/nofp/libc_nano.a(lib_a-nano-freer.o)
 .debug_loc     0x0000000000002422      0x2a9 /usr/lib/gcc/arm-none-eabi/10.3.1/../../../arm-none-eabi/lib/thumb/v6-m/nofp/libc_nano.a(lib_a-nano-mallocr.o)
 .debug_loc     0x00000000000026cb      0x17b /usr/lib/gcc/arm-none-eabi/10.3.1/../../../arm-none-eabi/lib/thumb/v6-m/nofp/libc_nano.a(lib_a-nano-reallocr.o)
 .debug_loc     0x0000000000002846       0x79 /usr/lib/gcc/arm-none-eabi/10.3.1/../../../arm-none-eabi/lib/thumb/v6-m/nofp/libc_nano.a(lib_a-sbrkr.o)
 .debug_loc     0x00000000000028bf       0xcc /usr/lib/gcc/arm-none-eabi/10.3.1/../../../arm-none-eabi/lib/thumb/v6-m/nofp/libc_nano.a(lib_a-nano-msizer.o)
 .debug_loc     0x000000000000298b      0x199 /usr/lib/gcc/arm-none-eabi/10.3.1/../../../arm-none-eabi/lib/thumb/v6-m/nofp/libc_nano.a(lib_a-reent.o)
 .debug_loc     0x0000000000002b24       0x58 /usr/lib/gcc/arm-none-eabi/10.3.1/../../../arm-none-eabi/lib/thumb/v6-m/nofp/libnosys.a(sbrk.o)

.debug_aranges  0x0000000000000000      0x2f8
 .debug_aranges
                0x0000000000000000       0x20 /usr/lib/gcc/arm-none-eabi/10.3.1/../../../arm-none-eabi/lib/thumb/v6-m/nofp/libc_nano.a(lib_a-init.o)
 .debug_aranges
                0x0000000000000020       0x20 /usr/lib/gcc/arm-none-eabi/10.3.1/../../../arm-none-eabi/lib/thumb/v6-m/nofp/libc_nano.a(lib_a-memcpy-stub.o)
 .debug_aranges
                0x0000000000000040       0x20 /usr/lib/gcc/arm-none-eabi/10.3.1/../../../arm-none-eabi/lib/thumb/v6-m/nofp/libc_nano.a(lib_a-memset.o)
 .debug_aranges
                0x0000000000000060       0x20 /usr/lib/gcc/arm-none-eabi/10.3.1/../../../arm-none-eabi/lib/thumb/v6-m/nofp/libc_nano.a(lib_a-snprintf.o)
 .debug_aranges
                0x0000000000000080       0x20 /usr/lib/gcc/arm-none-eabi/10.3.1/../../../arm-none-eabi/lib/thumb/v6-m/nofp/libc_nano.a(lib_a-strcpy.o)
 .debug_aranges
                0x00000000000000a0       0x20 /usr/lib/gcc/arm-none-eabi/10.3.1/../../../arm-none-eabi/lib/thumb/v6-m/nofp/libc_nano.a(lib_a-strlen-stub.o)
 .debug_aranges
                0x00000000000000c0       0x18 /usr/lib/gcc/arm-none-eabi/10.3.1/../../../arm-none-eabi/lib/thumb/v6-m/nofp/libc_nano.a(lib_a-impure.o)
 .debug_aranges
                0x00000000000000d8       0x20 /usr/lib/gcc/arm-none-eabi/10.3.1/../../../arm-none-eabi/lib/thumb/v6-m/nofp/libc_nano.a(lib_a-nano-svfprintf.o)
 .debug_aranges
                0x00000000000000f8       0x20 /usr/lib/gcc/arm-none-eabi/10.3.1/../../../arm-none-eabi/lib/thumb/v6-m/nofp/libc_nano.a(lib_a-nano-vfprintf_i.o)
 .debug_aranges
                0x0000000000000118       0x20 /usr/lib/gcc/arm-none-eabi/10.3.1/../../../arm-none-eabi/lib/thumb/v6-m/nofp/libc_nano.a(lib_a-memchr-stub.o)
 .debug_aranges
                0x0000000000000138       0x20 /usr/lib/gcc/arm-none-eabi/10.3.1/../../../arm-none-eabi/lib/thumb/v6-m/nofp/libc_nano.a(lib_a-memmove.o)
 .debug_aranges
                0x0000000000000158       0x20 /usr/lib/gcc/arm-none-eabi/10.3.1/../../../arm-none-eabi/lib/thumb/v6-m/nofp/libc_nano.a(lib_a-nano-freer.o)
 .debug_aranges
                0x0000000000000178       0x20 /usr/lib/gcc/arm-none-eabi/10.3.1/../../../arm-none-eabi/lib/thumb/v6-m/nofp/libc_nano.a(lib_a-nano-mallocr.o)
 .debug_aranges
                0x0000000000000198       0x20 /usr/lib/gcc/arm-none-eabi/10.3.1/../../../arm-none-eabi/lib/thumb/v6-m/nofp/libc_nano.a(lib_a-nano-reallocr.o)
 .debug_aranges
                0x00000000000001b8       0x20 /usr/lib/gcc/arm-none-eabi/10.3.1/../../../arm-none-eabi/lib/thumb/v6-m/nofp/libc_nano.a(lib_a-sbrkr.o)
 .debug_aranges
                0x00000000000001d8       0x20 /usr/lib/gcc/arm-none-eabi/10.3.1/../../../arm-none-eabi/lib/thumb/v6-m/nofp/libc_nano.a(lib_a-mlock.o)
 .debug_aranges
                0x00000000000001f8       0x20 /usr/lib/gcc/arm-none-eabi/10.3.1/../../../arm-none-eabi/lib/thumb/v6-m/nofp/libc_nano.a(lib_a-nano-msizer.o)
 .debug_aranges
                0x0000000000000218       0x20 /usr/lib/gcc/arm-none-eabi/10.3.1/../../../arm-none-eabi/lib/thumb/v6-m/nofp/libc_nano.a(lib_a-reent.o)
 .debug_aranges
                0x0000000000000238       0x20 /usr/lib/gcc/arm-none-eabi/10.3.1/../../../arm-none-eabi/lib/thumb/v6-m/nofp/libnosys.a(sbrk.o)
 .debug_aranges
                0x0000000000000258       0x20 /usr/lib/gcc/arm-none-eabi/10.3.1/thumb/v6-m/nofp/libgcc.a(_thumb1_case_sqi.o)
 .debug_aranges
                0x0000000000000278       0x20 /usr/lib/gcc/arm-none-eabi/10.3.1/thumb/v6-m/nofp/libgcc.a(_thumb1_case_shi.o)
 .debug_aranges
                0x0000000000000298       0x20 /usr/lib/gcc/arm-none-eabi/10.3.1/thumb/v6-m/nofp/libgcc.a(_udivsi3.o)
 .debug_aranges
                0x00000000000002b8       0x20 /usr/lib/gcc/arm-none-eabi/10.3.1/thumb/v6-m/nofp/libgcc.a(_divsi3.o)
 .debug_aranges
                0x00000000000002d8       0x20 /usr/lib/gcc/arm-none-eabi/10.3.1/thumb/v6-m/nofp/libgcc.a(_dvmd_tls.o)

.debug_line     0x0000000000000000     0x2f3e
 .debug_line    0x0000000000000000      0x127 /usr/lib/gcc/arm-none-eabi/10.3.1/../../../arm-none-eabi/lib/thumb/v6-m/nofp/libc_nano.a(lib_a-init.o)
 .debug_line    0x0000000000000127      0x1b5 /usr/lib/gcc/arm-none-eabi/10.3.1/../../../arm-none-eabi/lib/thumb/v6-m/nofp/libc_nano.a(lib_a-memcpy-stub.o)
 .debug_line    0x00000000000002dc      0x1ce /usr/lib/gcc/arm-none-eabi/10.3.1/../../../arm-none-eabi/lib/thumb/v6-m/nofp/libc_nano.a(lib_a-memset.o)
 .debug_line    0x00000000000004aa      0x366 /usr/lib/gcc/arm-none-eabi/10.3.1/../../../arm-none-eabi/lib/thumb/v6-m/nofp/libc_nano.a(lib_a-snprintf.o)
 .debug_line    0x0000000000000810       0xb7 /usr/lib/gcc/arm-none-eabi/10.3.1/../../../arm-none-eabi/lib/thumb/v6-m/nofp/libc_nano.a(lib_a-strcpy.o)
 .debug_line    0x00000000000008c7      0x172 /usr/lib/gcc/arm-none-eabi/10.3.1/../../../arm-none-eabi/lib/thumb/v6-m/nofp/libc_nano.a(lib_a-strlen-stub.o)
 .debug_line    0x0000000000000a39       0xe4 /usr/lib/gcc/arm-none-eabi/10.3.1/../../../arm-none-eabi/lib/thumb/v6-m/nofp/libc_nano.a(lib_a-impure.o)
 .debug_line    0x0000000000000b1d      0x8be /usr/lib/gcc/arm-none-eabi/10.3.1/../../../arm-none-eabi/lib/thumb/v6-m/nofp/libc_nano.a(lib_a-nano-svfprintf.o)
 .debug_line    0x00000000000013db      0x718 /usr/lib/gcc/arm-none-eabi/10.3.1/../../../arm-none-eabi/lib/thumb/v6-m/nofp/libc_nano.a(lib_a-nano-vfprintf_i.o)
 .debug_line    0x0000000000001af3      0x1b1 /usr/lib/gcc/arm-none-eabi/10.3.1/../../../arm-none-eabi/lib/thumb/v6-m/nofp/libc_nano.a(lib_a-memchr-stub.o)
 .debug_line    0x0000000000001ca4      0x1e1 /usr/lib/gcc/arm-none-eabi/10.3.1/../../../arm-none-eabi/lib/thumb/v6-m/nofp/libc_nano.a(lib_a-memmove.o)
 .debug_line    0x0000000000001e85      0x2d0 /usr/lib/gcc/arm-none-eabi/10.3.1/../../../arm-none-eabi/lib/thumb/v6-m/nofp/libc_nano.a(lib_a-nano-freer.o)
 .debug_line    0x0000000000002155      0x2ca /usr/lib/gcc/arm-none-eabi/10.3.1/../../../arm-none-eabi/lib/thumb/v6-m/nofp/libc_nano.a(lib_a-nano-mallocr.o)
 .debug_line    0x000000000000241f      0x1ab /usr/lib/gcc/arm-none-eabi/10.3.1/../../../arm-none-eabi/lib/thumb/v6-m/nofp/libc_nano.a(lib_a-nano-reallocr.o)
 .debug_line    0x00000000000025ca      0x183 /usr/lib/gcc/arm-none-eabi/10.3.1/../../../arm-none-eabi/lib/thumb/v6-m/nofp/libc_nano.a(lib_a-sbrkr.o)
 .debug_line    0x000000000000274d      0x13e /usr/lib/gcc/arm-none-eabi/10.3.1/../../../arm-none-eabi/lib/thumb/v6-m/nofp/libc_nano.a(lib_a-mlock.o)
 .debug_line    0x000000000000288b      0x163 /usr/lib/gcc/arm-none-eabi/10.3.1/../../../arm-none-eabi/lib/thumb/v6-m/nofp/libc_nano.a(lib_a-nano-msizer.o)
 .debug_line    0x00000000000029ee      0x2ba /usr/lib/gcc/arm-none-eabi/10.3.1/../../../arm-none-eabi/lib/thumb/v6-m/nofp/libc_nano.a(lib_a-reent.o)
 .debug_line    0x0000000000002ca8       0x86 /usr/lib/gcc/arm-none-eabi/10.3.1/../../../arm-none-eabi/lib/thumb/v6-m/nofp/libnosys.a(sbrk.o)
 .debug_line    0x0000000000002d2e       0x68 /usr/lib/gcc/arm-none-eabi/10.3.1/thumb/v6-m/nofp/libgcc.a(_thumb1_case_sqi.o)
 .debug_line    0x0000000000002d96       0x69 /usr/lib/gcc/arm-none-eabi/10.3.1/thumb/v6-m/nofp/libgcc.a(_thumb1_case_shi.o)
 .debug_line    0x0000000000002dff       0x6c /usr/lib/gcc/arm-none-eabi/10.3.1/thumb/v6-m/nofp/libgcc.a(_udivsi3.o)
 .debug_line    0x0000000000002e6b       0x73 /usr/lib/gcc/arm-none-eabi/10.3.1/thumb/v6-m/nofp/libgcc.a(_divsi3.o)
 .debug_line    0x0000000000002ede       0x60 /usr/lib/gcc/arm-none-eabi/10.3.1/thumb/v6-m/nofp/libgcc.a(_dvmd_tls.o)

.debug_str      0x0000000000000000     0x1079
 .debug_str     0x0000000000000000      0x1be /usr/lib/gcc/arm-none-eabi/10.3.1/../../../arm-none-eabi/lib/thumb/v6-m/nofp/libc_nano.a(lib_a-init.o)
                                        0x204 (size before relaxing)
 .debug_str     0x00000000000001be       0xd2 /usr/lib/gcc/arm-none-eabi/10.3.1/../../../arm-none-eabi/lib/thumb/v6-m/nofp/libc_nano.a(lib_a-memcpy-stub.o)
                                        0x1de (size before relaxing)
 .debug_str     0x0000000000000290       0xad /usr/lib/gcc/arm-none-eabi/10.3.1/../../../arm-none-eabi/lib/thumb/v6-m/nofp/libc_nano.a(lib_a-memset.o)
                                        0x1b9 (size before relaxing)
 .debug_str     0x000000000000033d      0x3da /usr/lib/gcc/arm-none-eabi/10.3.1/../../../arm-none-eabi/lib/thumb/v6-m/nofp/libc_nano.a(lib_a-snprintf.o)
                                        0x554 (size before relaxing)
 .debug_str     0x0000000000000717       0x43 /usr/lib/gcc/arm-none-eabi/10.3.1/../../../arm-none-eabi/lib/thumb/v6-m/nofp/libc_nano.a(lib_a-strcpy.o)
                                        0x1ab (size before relaxing)
 .debug_str     0x000000000000075a       0x48 /usr/lib/gcc/arm-none-eabi/10.3.1/../../../arm-none-eabi/lib/thumb/v6-m/nofp/libc_nano.a(lib_a-strlen-stub.o)
                                        0x1ca (size before relaxing)
 .debug_str     0x00000000000007a2       0xee /usr/lib/gcc/arm-none-eabi/10.3.1/../../../arm-none-eabi/lib/thumb/v6-m/nofp/libc_nano.a(lib_a-impure.o)
                                        0x557 (size before relaxing)
 .debug_str     0x0000000000000890      0x299 /usr/lib/gcc/arm-none-eabi/10.3.1/../../../arm-none-eabi/lib/thumb/v6-m/nofp/libc_nano.a(lib_a-nano-svfprintf.o)
                                        0x84e (size before relaxing)
 .debug_str     0x0000000000000b29       0xa5 /usr/lib/gcc/arm-none-eabi/10.3.1/../../../arm-none-eabi/lib/thumb/v6-m/nofp/libc_nano.a(lib_a-nano-vfprintf_i.o)
                                        0x7f6 (size before relaxing)
 .debug_str     0x0000000000000bce       0x5b /usr/lib/gcc/arm-none-eabi/10.3.1/../../../arm-none-eabi/lib/thumb/v6-m/nofp/libc_nano.a(lib_a-memchr-stub.o)
                                        0x1d1 (size before relaxing)
 .debug_str     0x0000000000000c29       0x3e /usr/lib/gcc/arm-none-eabi/10.3.1/../../../arm-none-eabi/lib/thumb/v6-m/nofp/libc_nano.a(lib_a-memmove.o)
                                        0x1d8 (size before relaxing)
 .debug_str     0x0000000000000c67      0x112 /usr/lib/gcc/arm-none-eabi/10.3.1/../../../arm-none-eabi/lib/thumb/v6-m/nofp/libc_nano.a(lib_a-nano-freer.o)
                                        0x58e (size before relaxing)
 .debug_str     0x0000000000000d79       0x46 /usr/lib/gcc/arm-none-eabi/10.3.1/../../../arm-none-eabi/lib/thumb/v6-m/nofp/libc_nano.a(lib_a-nano-mallocr.o)
                                        0x5b9 (size before relaxing)
 .debug_str     0x0000000000000dbf       0x23 /usr/lib/gcc/arm-none-eabi/10.3.1/../../../arm-none-eabi/lib/thumb/v6-m/nofp/libc_nano.a(lib_a-nano-reallocr.o)
                                        0x578 (size before relaxing)
 .debug_str     0x0000000000000de2       0x47 /usr/lib/gcc/arm-none-eabi/10.3.1/../../../arm-none-eabi/lib/thumb/v6-m/nofp/libc_nano.a(lib_a-sbrkr.o)
                                        0x50f (size before relaxing)
 .debug_str     0x0000000000000e29       0x4c /usr/lib/gcc/arm-none-eabi/10.3.1/../../../arm-none-eabi/lib/thumb/v6-m/nofp/libc_nano.a(lib_a-mlock.o)
                                        0x525 (size before relaxing)
 .debug_str     0x0000000000000e75        0xf /usr/lib/gcc/arm-none-eabi/10.3.1/../../../arm-none-eabi/lib/thumb/v6-m/nofp/libc_nano.a(lib_a-nano-msizer.o)
                                        0x556 (size before relaxing)
 .debug_str     0x0000000000000e84       0x5e /usr/lib/gcc/arm-none-eabi/10.3.1/../../../arm-none-eabi/lib/thumb/v6-m/nofp/libc_nano.a(lib_a-reent.o)
                                        0x537 (size before relaxing)
 .debug_str     0x0000000000000ee2       0xf1 /usr/lib/gcc/arm-none-eabi/10.3.1/../../../arm-none-eabi/lib/thumb/v6-m/nofp/libnosys.a(sbrk.o)
                                        0x10a (size before relaxing)
 .debug_str     0x0000000000000fd3       0xa6 /usr/lib/gcc/arm-none-eabi/10.3.1/thumb/v6-m/nofp/libgcc.a(_thumb1_case_sqi.o)
 .debug_str     0x0000000000001079       0xa6 /usr/lib/gcc/arm-none-eabi/10.3.1/thumb/v6-m/nofp/libgcc.a(_thumb1_case_shi.o)
 .debug_str     0x0000000000001079       0xa6 /usr/lib/gcc/arm-none-eabi/10.3.1/thumb/v6-m/nofp/libgcc.a(_udivsi3.o)
 .debug_str     0x0000000000001079       0xa6 /usr/lib/gcc/arm-none-eabi/10.3.1/thumb/v6-m/nofp/libgcc.a(_divsi3.o)
 .debug_str     0x0000000000001079       0xa6 /usr/lib/gcc/arm-none-eabi/10.3.1/thumb/v6-m/nofp/libgcc.a(_dvmd_tls.o)

.debug_frame    0x0000000000000000      0x434
 .debug_frame   0x0000000000000000       0x2c /usr/lib/gcc/arm-none-eabi/10.3.1/../../../arm-none-eabi/lib/thumb/v6-m/nofp/libc_nano.a(lib_a-init.o)
 .debug_frame   0x000000000000002c       0x34 /usr/lib/gcc/arm-none-eabi/10.3.1/../../../arm-none-eabi/lib/thumb/v6-m/nofp/libc_nano.a(lib_a-memcpy-stub.o)
 .debug_frame   0x0000000000000060       0x30 /usr/lib/gcc/arm-none-eabi/10.3.1/../../../arm-none-eabi/lib/thumb/v6-m/nofp/libc_nano.a(lib_a-memset.o)
 .debug_frame   0x0000000000000090       0x50 /usr/lib/gcc/arm-none-eabi/10.3.1/../../../arm-none-eabi/lib/thumb/v6-m/nofp/libc_nano.a(lib_a-snprintf.o)
 .debug_frame   0x00000000000000e0       0x20 /usr/lib/gcc/arm-none-eabi/10.3.1/../../../arm-none-eabi/lib/thumb/v6-m/nofp/libc_nano.a(lib_a-strcpy.o)
 .debug_frame   0x0000000000000100       0x28 /usr/lib/gcc/arm-none-eabi/10.3.1/../../../arm-none-eabi/lib/thumb/v6-m/nofp/libc_nano.a(lib_a-strlen-stub.o)
 .debug_frame   0x0000000000000128       0x90 /usr/lib/gcc/arm-none-eabi/10.3.1/../../../arm-none-eabi/lib/thumb/v6-m/nofp/libc_nano.a(lib_a-nano-svfprintf.o)
 .debug_frame   0x00000000000001b8       0x68 /usr/lib/gcc/arm-none-eabi/10.3.1/../../../arm-none-eabi/lib/thumb/v6-m/nofp/libc_nano.a(lib_a-nano-vfprintf_i.o)
 .debug_frame   0x0000000000000220       0x2c /usr/lib/gcc/arm-none-eabi/10.3.1/../../../arm-none-eabi/lib/thumb/v6-m/nofp/libc_nano.a(lib_a-memchr-stub.o)
 .debug_frame   0x000000000000024c       0x30 /usr/lib/gcc/arm-none-eabi/10.3.1/../../../arm-none-eabi/lib/thumb/v6-m/nofp/libc_nano.a(lib_a-memmove.o)
 .debug_frame   0x000000000000027c       0x2c /usr/lib/gcc/arm-none-eabi/10.3.1/../../../arm-none-eabi/lib/thumb/v6-m/nofp/libc_nano.a(lib_a-nano-freer.o)
 .debug_frame   0x00000000000002a8       0x30 /usr/lib/gcc/arm-none-eabi/10.3.1/../../../arm-none-eabi/lib/thumb/v6-m/nofp/libc_nano.a(lib_a-nano-mallocr.o)
 .debug_frame   0x00000000000002d8       0x30 /usr/lib/gcc/arm-none-eabi/10.3.1/../../../arm-none-eabi/lib/thumb/v6-m/nofp/libc_nano.a(lib_a-nano-reallocr.o)
 .debug_frame   0x0000000000000308       0x2c /usr/lib/gcc/arm-none-eabi/10.3.1/../../../arm-none-eabi/lib/thumb/v6-m/nofp/libc_nano.a(lib_a-sbrkr.o)
 .debug_frame   0x0000000000000334       0x30 /usr/lib/gcc/arm-none-eabi/10.3.1/../../../arm-none-eabi/lib/thumb/v6-m/nofp/libc_nano.a(lib_a-mlock.o)
 .debug_frame   0x0000000000000364       0x20 /usr/lib/gcc/arm-none-eabi/10.3.1/../../../arm-none-eabi/lib/thumb/v6-m/nofp/libc_nano.a(lib_a-nano-msizer.o)
 .debug_frame   0x0000000000000384       0x50 /usr/lib/gcc/arm-none-eabi/10.3.1/../../../arm-none-eabi/lib/thumb/v6-m/nofp/libc_nano.a(lib_a-reent.o)
 .debug_frame   0x00000000000003d4       0x20 /usr/lib/gcc/arm-none-eabi/10.3.1/../../../arm-none-eabi/lib/thumb/v6-m/nofp/libnosys.a(sbrk.o)
 .debug_frame   0x00000000000003f4       0x20 /usr/lib/gcc/arm-none-eabi/10.3.1/thumb/v6-m/nofp/libgcc.a(_udivsi3.o)
 .debug_frame   0x0000000000000414       0x20 /usr/lib/gcc/arm-none-eabi/10.3.1/thumb/v6-m/nofp/libgcc.a(_divsi3.o)

.debug_ranges   0x0000000000000000      0x140
 .debug_ranges  0x0000000000000000       0x10 /usr/lib/gcc/arm-none-eabi/10.3.1/../../../arm-none-eabi/lib/thumb/v6-m/nofp/libc_nano.a(lib_a-strcpy.o)
 .debug_ranges  0x0000000000000010       0x50 /usr/lib/gcc/arm-none-eabi/10.3.1/../../../arm-none-eabi/lib/thumb/v6-m/nofp/libc_nano.a(lib_a-nano-svfprintf.o)
 .debug_ranges  0x0000000000000060       0x88 /usr/lib/gcc/arm-none-eabi/10.3.1/../../../arm-none-eabi/lib/thumb/v6-m/nofp/libc_nano.a(lib_a-nano-vfprintf_i.o)
 .debug_ranges  0x00000000000000e8       0x18 /usr/lib/gcc/arm-none-eabi/10.3.1/../../../arm-none-eabi/lib/thumb/v6-m/nofp/libc_nano.a(lib_a-nano-freer.o)
 .debug_ranges  0x0000000000000100       0x40 /usr/lib/gcc/arm-none-eabi/10.3.1/../../../arm-none-eabi/lib/thumb/v6-m/nofp/libc_nano.a(lib_a-nano-mallocr.o)

Cross Reference Table

Symbol                                            File
ADC_COMP_IRQHandler                               build/startup_py32f002xx.o
ADC_Feedback_GetFiltered                          build/adc_feedback.o (symbol from plugin)
                                                  build/servo_control.o (symbol from plugin)
                                                  build/app_entry.o (symbol from plugin)
ADC_Feedback_GetRaw                               build/adc_feedback.o (symbol from plugin)
                                                  build/app_entry.o (symbol from plugin)
ADC_Feedback_GetVddMv                             build/adc_feedback.o (symbol from plugin)
ADC_Feedback_GetVrefintRaw                        build/adc_feedback.o (symbol from plugin)
ADC_Feedback_Init                                 build/adc_feedback.o (symbol from plugin)
                                                  build/app_entry.o (symbol from plugin)
ADC_Feedback_ReadFastRaw                          build/adc_feedback.o (symbol from plugin)
                                                  build/app_entry.o (symbol from plugin)
ADC_Feedback_ReadRaw                              build/adc_feedback.o (symbol from plugin)
                                                  build/app_entry.o (symbol from plugin)
ADC_Feedback_UpdateFiltered                       build/adc_feedback.o (symbol from plugin)
                                                  build/servo_control.o (symbol from plugin)
AHBPrescTable                                     build/system_py32f0xx.o (symbol from plugin)
                                                  build/py32f0xx_hal_rcc.o (symbol from plugin)
APBPrescTable                                     build/system_py32f0xx.o (symbol from plugin)
                                                  build/py32f0xx_hal_rcc.o (symbol from plugin)
APP_ErrorHandler                                  build/app_entry.o (symbol from plugin)
                                                  build/app_it.o (symbol from plugin)
                                                  build/adc_feedback.o (symbol from plugin)
                                                  build/board.o (symbol from plugin)
Board_Init                                        build/board.o (symbol from plugin)
                                                  build/app_entry.o (symbol from plugin)
Board_Micros                                      build/board.o (symbol from plugin)
Board_MicrosQ4                                    build/board.o (symbol from plugin)
Board_MotorTimerInit                              build/board.o (symbol from plugin)
                                                  build/app_entry.o (symbol from plugin)
Board_PotPowerRefresh                             build/board.o (symbol from plugin)
                                                  build/app_entry.o (symbol from plugin)
Board_StatusError                                 build/board.o (symbol from plugin)
                                                  build/app_entry.o (symbol from plugin)
Board_StatusHeartbeat                             build/board.o (symbol from plugin)
                                                  build/app_entry.o (symbol from plugin)
Default_Handler                                   build/startup_py32f002xx.o
EXTI0_1_IRQHandler                                build/startup_py32f002xx.o
EXTI2_3_IRQHandler                                /tmp/py32f002_servo.elf.6SDmn9.ltrans0.ltrans.o
                                                  build/startup_py32f002xx.o
                                                  build/app_it.o (symbol from plugin)
EXTI4_15_IRQHandler                               /tmp/py32f002_servo.elf.6SDmn9.ltrans0.ltrans.o
                                                  build/startup_py32f002xx.o
                                                  build/app_it.o (symbol from plugin)
FLASH_IRQHandler                                  build/startup_py32f002xx.o
HAL_ADC_AnalogWDGConfig                           build/py32f0xx_hal_adc.o (symbol from plugin)
HAL_ADC_Calibration_Start                         build/py32f0xx_hal_adc.o (symbol from plugin)
                                                  build/adc_feedback.o (symbol from plugin)
HAL_ADC_ConfigChannel                             build/py32f0xx_hal_adc.o (symbol from plugin)
                                                  build/adc_feedback.o (symbol from plugin)
HAL_ADC_ConvCpltCallback                          build/py32f0xx_hal_adc.o (symbol from plugin)
HAL_ADC_ConvHalfCpltCallback                      build/py32f0xx_hal_adc.o (symbol from plugin)
HAL_ADC_DeInit                                    build/py32f0xx_hal_adc.o (symbol from plugin)
HAL_ADC_ErrorCallback                             build/py32f0xx_hal_adc.o (symbol from plugin)
HAL_ADC_GetCalibStatus                            build/py32f0xx_hal_adc.o (symbol from plugin)
HAL_ADC_GetError                                  build/py32f0xx_hal_adc.o (symbol from plugin)
HAL_ADC_GetState                                  build/py32f0xx_hal_adc.o (symbol from plugin)
HAL_ADC_GetValue                                  build/py32f0xx_hal_adc.o (symbol from plugin)
                                                  build/adc_feedback.o (symbol from plugin)
HAL_ADC_IRQHandler                                build/py32f0xx_hal_adc.o (symbol from plugin)
HAL_ADC_Init                                      build/py32f0xx_hal_adc.o (symbol from plugin)
                                                  build/adc_feedback.o (symbol from plugin)
HAL_ADC_LevelOutOfWindowCallback                  build/py32f0xx_hal_adc.o (symbol from plugin)
HAL_ADC_MspDeInit                                 build/py32f0xx_hal_adc.o (symbol from plugin)
HAL_ADC_MspInit                                   build/app_hal_msp.o (symbol from plugin)
HAL_ADC_PollForConversion                         build/py32f0xx_hal_adc.o (symbol from plugin)
                                                  build/adc_feedback.o (symbol from plugin)
HAL_ADC_PollForEvent                              build/py32f0xx_hal_adc.o (symbol from plugin)
HAL_ADC_SetCalibration                            build/py32f0xx_hal_adc.o (symbol from plugin)
HAL_ADC_Start                                     build/py32f0xx_hal_adc.o (symbol from plugin)
                                                  build/adc_feedback.o (symbol from plugin)
HAL_ADC_Start_IT                                  build/py32f0xx_hal_adc.o (symbol from plugin)
HAL_ADC_Stop                                      build/py32f0xx_hal_adc.o (symbol from plugin)
                                                  build/adc_feedback.o (symbol from plugin)
HAL_ADC_Stop_IT                                   build/py32f0xx_hal_adc.o (symbol from plugin)
HAL_DBGMCU_DisableDBGMCUStopMode                  build/py32f0xx_hal.o (symbol from plugin)
HAL_DBGMCU_EnableDBGMCUStopMode                   build/py32f0xx_hal.o (symbol from plugin)
HAL_DeInit                                        build/py32f0xx_hal.o (symbol from plugin)
HAL_Delay                                         build/py32f0xx_hal.o (symbol from plugin)
HAL_FLASH_EndOfOperationCallback                  build/py32f0xx_hal_flash.o (symbol from plugin)
HAL_FLASH_Erase                                   build/py32f0xx_hal_flash.o (symbol from plugin)
                                                  build/servo_params.o (symbol from plugin)
HAL_FLASH_Erase_IT                                build/py32f0xx_hal_flash.o (symbol from plugin)
HAL_FLASH_GetError                                build/py32f0xx_hal_flash.o (symbol from plugin)
HAL_FLASH_IRQHandler                              build/py32f0xx_hal_flash.o (symbol from plugin)
HAL_FLASH_Lock                                    build/py32f0xx_hal_flash.o (symbol from plugin)
                                                  build/servo_params.o (symbol from plugin)
HAL_FLASH_OBGetConfig                             build/py32f0xx_hal_flash.o (symbol from plugin)
HAL_FLASH_OBProgram                               build/py32f0xx_hal_flash.o (symbol from plugin)
HAL_FLASH_OB_Launch                               build/py32f0xx_hal_flash.o (symbol from plugin)
HAL_FLASH_OB_Lock                                 build/py32f0xx_hal_flash.o (symbol from plugin)
HAL_FLASH_OB_RDP_LevelConfig                      build/py32f0xx_hal_flash.o (symbol from plugin)
HAL_FLASH_OB_Unlock                               build/py32f0xx_hal_flash.o (symbol from plugin)
HAL_FLASH_OperationErrorCallback                  build/py32f0xx_hal_flash.o (symbol from plugin)
HAL_FLASH_PageProgram                             build/py32f0xx_hal_flash.o (symbol from plugin)
HAL_FLASH_PageProgram_IT                          build/py32f0xx_hal_flash.o (symbol from plugin)
HAL_FLASH_Program                                 build/py32f0xx_hal_flash.o (symbol from plugin)
                                                  build/servo_params.o (symbol from plugin)
HAL_FLASH_Program_IT                              build/py32f0xx_hal_flash.o (symbol from plugin)
HAL_FLASH_Unlock                                  build/py32f0xx_hal_flash.o (symbol from plugin)
                                                  build/servo_params.o (symbol from plugin)
HAL_GPIO_DeInit                                   build/py32f0xx_hal_gpio.o (symbol from plugin)
HAL_GPIO_EXTI_Callback                            build/py32f0xx_hal_gpio.o (symbol from plugin)
HAL_GPIO_EXTI_IRQHandler                          build/py32f0xx_hal_gpio.o (symbol from plugin)
HAL_GPIO_Init                                     build/py32f0xx_hal_gpio.o (symbol from plugin)
                                                  build/py32f0xx_hal_rcc.o (symbol from plugin)
                                                  build/app_hal_msp.o (symbol from plugin)
                                                  build/hbridge.o (symbol from plugin)
                                                  build/pwm_input.o (symbol from plugin)
                                                  build/adc_feedback.o (symbol from plugin)
                                                  build/board.o (symbol from plugin)
HAL_GPIO_LockPin                                  build/py32f0xx_hal_gpio.o (symbol from plugin)
HAL_GPIO_ReadPin                                  build/py32f0xx_hal_gpio.o (symbol from plugin)
                                                  build/pwm_input.o (symbol from plugin)
HAL_GPIO_TogglePin                                build/py32f0xx_hal_gpio.o (symbol from plugin)
HAL_GPIO_WritePin                                 build/py32f0xx_hal_gpio.o (symbol from plugin)
                                                  build/hbridge.o (symbol from plugin)
                                                  build/board.o (symbol from plugin)
HAL_GetDEVID                                      build/py32f0xx_hal.o (symbol from plugin)
HAL_GetHalVersion                                 build/py32f0xx_hal.o (symbol from plugin)
HAL_GetREVID                                      build/py32f0xx_hal.o (symbol from plugin)
HAL_GetTick                                       build/py32f0xx_hal.o (symbol from plugin)
                                                  build/py32f0xx_hal_uart.o (symbol from plugin)
                                                  build/py32f0xx_hal_flash.o (symbol from plugin)
                                                  build/py32f0xx_hal_adc.o (symbol from plugin)
                                                  build/py32f0xx_hal_rcc.o (symbol from plugin)
                                                  build/servo_control.o (symbol from plugin)
                                                  build/pwm_input.o (symbol from plugin)
                                                  build/adc_feedback.o (symbol from plugin)
                                                  build/board.o (symbol from plugin)
                                                  build/app_entry.o (symbol from plugin)
HAL_GetTickFreq                                   build/py32f0xx_hal.o (symbol from plugin)
HAL_GetTickPrio                                   build/py32f0xx_hal.o (symbol from plugin)
HAL_GetUIDw0                                      build/py32f0xx_hal.o (symbol from plugin)
HAL_GetUIDw1                                      build/py32f0xx_hal.o (symbol from plugin)
HAL_GetUIDw2                                      build/py32f0xx_hal.o (symbol from plugin)
HAL_HalfDuplex_EnableReceiver                     build/py32f0xx_hal_uart.o (symbol from plugin)
HAL_HalfDuplex_EnableTransmitter                  build/py32f0xx_hal_uart.o (symbol from plugin)
HAL_HalfDuplex_Init                               build/py32f0xx_hal_uart.o (symbol from plugin)
HAL_IncTick                                       build/py32f0xx_hal.o (symbol from plugin)
                                                  build/app_it.o (symbol from plugin)
HAL_Init                                          build/py32f0xx_hal.o (symbol from plugin)
                                                  build/board.o (symbol from plugin)
HAL_InitTick                                      build/py32f0xx_hal.o (symbol from plugin)
                                                  build/py32f0xx_hal_rcc.o (symbol from plugin)
HAL_MspDeInit                                     build/py32f0xx_hal.o (symbol from plugin)
HAL_MspInit                                       build/app_hal_msp.o (symbol from plugin)
HAL_MultiProcessor_EnterMuteMode                  build/py32f0xx_hal_uart.o (symbol from plugin)
HAL_MultiProcessor_ExitMuteMode                   build/py32f0xx_hal_uart.o (symbol from plugin)
HAL_MultiProcessor_Init                           build/py32f0xx_hal_uart.o (symbol from plugin)
HAL_NVIC_ClearPendingIRQ                          build/py32f0xx_hal_cortex.o (symbol from plugin)
                                                  build/pwm_input.o (symbol from plugin)
HAL_NVIC_DisableIRQ                               build/py32f0xx_hal_cortex.o (symbol from plugin)
HAL_NVIC_EnableIRQ                                build/py32f0xx_hal_cortex.o (symbol from plugin)
                                                  build/pwm_input.o (symbol from plugin)
                                                  build/board.o (symbol from plugin)
                                                  build/app_entry.o (symbol from plugin)
HAL_NVIC_GetPendingIRQ                            build/py32f0xx_hal_cortex.o (symbol from plugin)
HAL_NVIC_GetPriority                              build/py32f0xx_hal_cortex.o (symbol from plugin)
HAL_NVIC_SetPendingIRQ                            build/py32f0xx_hal_cortex.o (symbol from plugin)
HAL_NVIC_SetPriority                              build/py32f0xx_hal_cortex.o (symbol from plugin)
                                                  build/py32f0xx_hal.o (symbol from plugin)
                                                  build/pwm_input.o (symbol from plugin)
                                                  build/board.o (symbol from plugin)
                                                  build/app_entry.o (symbol from plugin)
HAL_NVIC_SystemReset                              build/py32f0xx_hal_cortex.o (symbol from plugin)
HAL_PWR_ConfigBIAS                                build/py32f0xx_hal_pwr.o (symbol from plugin)
HAL_PWR_ConfigStopMode                            build/py32f0xx_hal_pwr.o (symbol from plugin)
HAL_PWR_DeInit                                    build/py32f0xx_hal_pwr.o (symbol from plugin)
HAL_PWR_DisableBkUpAccess                         build/py32f0xx_hal_pwr.o (symbol from plugin)
HAL_PWR_DisableSEVOnPend                          build/py32f0xx_hal_pwr.o (symbol from plugin)
HAL_PWR_DisableSleepOnExit                        build/py32f0xx_hal_pwr.o (symbol from plugin)
HAL_PWR_EnableBkUpAccess                          build/py32f0xx_hal_pwr.o (symbol from plugin)
HAL_PWR_EnableSEVOnPend                           build/py32f0xx_hal_pwr.o (symbol from plugin)
HAL_PWR_EnableSleepOnExit                         build/py32f0xx_hal_pwr.o (symbol from plugin)
HAL_PWR_EnterSLEEPMode                            build/py32f0xx_hal_pwr.o (symbol from plugin)
HAL_PWR_EnterSTOPMode                             build/py32f0xx_hal_pwr.o (symbol from plugin)
HAL_RCC_CSSCallback                               build/py32f0xx_hal_rcc.o (symbol from plugin)
HAL_RCC_ClockConfig                               build/py32f0xx_hal_rcc.o (symbol from plugin)
                                                  build/board.o (symbol from plugin)
HAL_RCC_DeInit                                    build/py32f0xx_hal_rcc.o (symbol from plugin)
HAL_RCC_EnableCSS                                 build/py32f0xx_hal_rcc.o (symbol from plugin)
HAL_RCC_GetClockConfig                            build/py32f0xx_hal_rcc.o (symbol from plugin)
HAL_RCC_GetHCLKFreq                               build/py32f0xx_hal_rcc.o (symbol from plugin)
HAL_RCC_GetOscConfig                              build/py32f0xx_hal_rcc.o (symbol from plugin)
HAL_RCC_GetPCLK1Freq                              build/py32f0xx_hal_rcc.o (symbol from plugin)
                                                  build/py32f0xx_hal_uart.o (symbol from plugin)
HAL_RCC_GetSysClockFreq                           build/py32f0xx_hal_rcc.o (symbol from plugin)
HAL_RCC_MCOConfig                                 build/py32f0xx_hal_rcc.o (symbol from plugin)
HAL_RCC_NMI_IRQHandler                            build/py32f0xx_hal_rcc.o (symbol from plugin)
HAL_RCC_OscConfig                                 build/py32f0xx_hal_rcc.o (symbol from plugin)
                                                  build/board.o (symbol from plugin)
HAL_ResumeTick                                    build/py32f0xx_hal.o (symbol from plugin)
HAL_SYSTICK_CLKSourceConfig                       build/py32f0xx_hal_cortex.o (symbol from plugin)
HAL_SYSTICK_Callback                              build/py32f0xx_hal_cortex.o (symbol from plugin)
HAL_SYSTICK_Config                                build/py32f0xx_hal_cortex.o (symbol from plugin)
                                                  build/py32f0xx_hal.o (symbol from plugin)
HAL_SYSTICK_IRQHandler                            build/py32f0xx_hal_cortex.o (symbol from plugin)
HAL_SetTickFreq                                   build/py32f0xx_hal.o (symbol from plugin)
HAL_SuspendTick                                   build/py32f0xx_hal.o (symbol from plugin)
HAL_UART_Abort                                    build/py32f0xx_hal_uart.o (symbol from plugin)
HAL_UART_AbortCpltCallback                        build/py32f0xx_hal_uart.o (symbol from plugin)
HAL_UART_AbortReceive                             build/py32f0xx_hal_uart.o (symbol from plugin)
HAL_UART_AbortReceiveCpltCallback                 build/py32f0xx_hal_uart.o (symbol from plugin)
HAL_UART_AbortReceive_IT                          build/py32f0xx_hal_uart.o (symbol from plugin)
HAL_UART_AbortTransmit                            build/py32f0xx_hal_uart.o (symbol from plugin)
HAL_UART_AbortTransmitCpltCallback                build/py32f0xx_hal_uart.o (symbol from plugin)
HAL_UART_AbortTransmit_IT                         build/py32f0xx_hal_uart.o (symbol from plugin)
HAL_UART_Abort_IT                                 build/py32f0xx_hal_uart.o (symbol from plugin)
HAL_UART_DeInit                                   build/py32f0xx_hal_uart.o (symbol from plugin)
                                                  build/app_entry.o (symbol from plugin)
HAL_UART_ErrorCallback                            build/py32f0xx_hal_uart.o (symbol from plugin)
HAL_UART_GetError                                 build/py32f0xx_hal_uart.o (symbol from plugin)
HAL_UART_GetState                                 build/py32f0xx_hal_uart.o (symbol from plugin)
HAL_UART_IRQHandler                               build/py32f0xx_hal_uart.o (symbol from plugin)
HAL_UART_IdleFrameDetectCpltCallback              build/py32f0xx_hal_uart.o (symbol from plugin)
HAL_UART_Init                                     build/py32f0xx_hal_uart.o (symbol from plugin)
                                                  build/app_entry.o (symbol from plugin)
HAL_UART_MspDeInit                                build/py32f0xx_hal_uart.o (symbol from plugin)
HAL_UART_MspInit                                  build/app_hal_msp.o (symbol from plugin)
HAL_UART_Receive                                  build/py32f0xx_hal_uart.o (symbol from plugin)
HAL_UART_Receive_IT                               build/py32f0xx_hal_uart.o (symbol from plugin)
HAL_UART_RxCpltCallback                           build/py32f0xx_hal_uart.o (symbol from plugin)
HAL_UART_RxHalfCpltCallback                       build/py32f0xx_hal_uart.o (symbol from plugin)
HAL_UART_SendBreak                                build/py32f0xx_hal_uart.o (symbol from plugin)
HAL_UART_Transmit                                 build/py32f0xx_hal_uart.o (symbol from plugin)
                                                  build/app_entry.o (symbol from plugin)
HAL_UART_Transmit_IT                              build/py32f0xx_hal_uart.o (symbol from plugin)
HAL_UART_TxCpltCallback                           build/py32f0xx_hal_uart.o (symbol from plugin)
HAL_UART_TxHalfCpltCallback                       build/py32f0xx_hal_uart.o (symbol from plugin)
HBridge_Brake                                     build/hbridge.o (symbol from plugin)
                                                  build/servo_control.o (symbol from plugin)
                                                  build/app_entry.o (symbol from plugin)
HBridge_Coast                                     build/hbridge.o (symbol from plugin)
                                                  build/servo_control.o (symbol from plugin)
                                                  build/app_entry.o (symbol from plugin)
HBridge_GetDuty                                   build/hbridge.o (symbol from plugin)
HBridge_GetState                                  build/hbridge.o (symbol from plugin)
HBridge_Init                                      build/hbridge.o (symbol from plugin)
                                                  build/app_entry.o (symbol from plugin)
HBridge_SetFrequency                              build/hbridge.o (symbol from plugin)
                                                  build/servo_control.o (symbol from plugin)
                                                  build/app_entry.o (symbol from plugin)
HBridge_SetSignedDuty                             build/hbridge.o (symbol from plugin)
                                                  build/servo_control.o (symbol from plugin)
                                                  build/app_entry.o (symbol from plugin)
HBridge_TickISR                                   build/hbridge.o (symbol from plugin)
                                                  build/app_it.o (symbol from plugin)
HSIFreqTable                                      build/system_py32f0xx.o (symbol from plugin)
HardFault_Handler                                 /tmp/py32f002_servo.elf.6SDmn9.ltrans0.ltrans.o
                                                  build/startup_py32f002xx.o
                                                  build/app_it.o (symbol from plugin)
I2C1_IRQHandler                                   build/startup_py32f002xx.o
LCDM_Runtime_IRQHandler                           build/app_entry.o (symbol from plugin)
                                                  build/app_it.o (symbol from plugin)
LPTIM1_IRQHandler                                 build/startup_py32f002xx.o
NMI_Handler                                       /tmp/py32f002_servo.elf.6SDmn9.ltrans0.ltrans.o
                                                  build/startup_py32f002xx.o
                                                  build/app_it.o (symbol from plugin)
PWM_Input_EdgeISR                                 build/pwm_input.o (symbol from plugin)
                                                  build/app_it.o (symbol from plugin)
PWM_Input_GetCommandUs                            build/pwm_input.o (symbol from plugin)
                                                  build/servo_control.o (symbol from plugin)
PWM_Input_GetSample                               build/pwm_input.o (symbol from plugin)
                                                  build/app_entry.o (symbol from plugin)
PWM_Input_Init                                    build/pwm_input.o (symbol from plugin)
                                                  build/app_entry.o (symbol from plugin)
PWM_Input_IsFresh                                 build/pwm_input.o (symbol from plugin)
                                                  build/servo_control.o (symbol from plugin)
PWM_Input_TakeRawWindowUs                         build/pwm_input.o (symbol from plugin)
                                                  build/app_entry.o (symbol from plugin)
PendSV_Handler                                    /tmp/py32f002_servo.elf.6SDmn9.ltrans0.ltrans.o
                                                  build/startup_py32f002xx.o
                                                  build/app_it.o (symbol from plugin)
RCC_IRQHandler                                    build/startup_py32f002xx.o
Reset_Handler                                     build/startup_py32f002xx.o
SPI1_IRQHandler                                   build/startup_py32f002xx.o
SVC_Handler                                       /tmp/py32f002_servo.elf.6SDmn9.ltrans0.ltrans.o
                                                  build/startup_py32f002xx.o
                                                  build/app_it.o (symbol from plugin)
Servo_Control_GetStatus                           build/servo_control.o (symbol from plugin)
Servo_Control_Init                                build/servo_control.o (symbol from plugin)
Servo_Control_MapPulseToAdc                       build/servo_control.o (symbol from plugin)
Servo_Control_Update1ms                           build/servo_control.o (symbol from plugin)
Servo_Params_Crc32                                build/servo_params.o (symbol from plugin)
Servo_Params_FlagEnabled                          build/servo_params.o (symbol from plugin)
                                                  build/servo_control.o (symbol from plugin)
Servo_Params_Get                                  build/servo_params.o (symbol from plugin)
                                                  build/servo_control.o (symbol from plugin)
                                                  build/pwm_input.o (symbol from plugin)
                                                  build/adc_feedback.o (symbol from plugin)
                                                  build/app_entry.o (symbol from plugin)
Servo_Params_GetDefaults                          build/servo_params.o (symbol from plugin)
Servo_Params_Init                                 build/servo_params.o (symbol from plugin)
                                                  build/app_entry.o (symbol from plugin)
Servo_Params_Save                                 build/servo_params.o (symbol from plugin)
Servo_Params_Validate                             build/servo_params.o (symbol from plugin)
SysTick_Handler                                   /tmp/py32f002_servo.elf.6SDmn9.ltrans0.ltrans.o
                                                  build/startup_py32f002xx.o
                                                  build/app_it.o (symbol from plugin)
SystemCoreClock                                   build/system_py32f0xx.o (symbol from plugin)
                                                  build/py32f0xx_hal_adc.o (symbol from plugin)
                                                  build/py32f0xx_hal_rcc.o (symbol from plugin)
                                                  build/py32f0xx_hal.o (symbol from plugin)
                                                  build/pwm_input.o (symbol from plugin)
                                                  build/board.o (symbol from plugin)
                                                  build/app_entry.o (symbol from plugin)
SystemCoreClockUpdate                             build/system_py32f0xx.o (symbol from plugin)
SystemInit                                        /tmp/py32f002_servo.elf.6SDmn9.ltrans0.ltrans.o
                                                  build/system_py32f0xx.o (symbol from plugin)
                                                  build/startup_py32f002xx.o
TIM16_IRQHandler                                  /tmp/py32f002_servo.elf.6SDmn9.ltrans0.ltrans.o
                                                  build/startup_py32f002xx.o
                                                  build/app_it.o (symbol from plugin)
TIM1_BRK_UP_TRG_COM_IRQHandler                    build/startup_py32f002xx.o
TIM1_CC_IRQHandler                                /tmp/py32f002_servo.elf.6SDmn9.ltrans0.ltrans.o
                                                  build/startup_py32f002xx.o
                                                  build/app_it.o (symbol from plugin)
USART1_IRQHandler                                 /tmp/py32f002_servo.elf.6SDmn9.ltrans0.ltrans.o
                                                  build/startup_py32f002xx.o
                                                  build/app_it.o (symbol from plugin)
_FlashTimmingParam                                build/py32f0xx_hal_flash.o (symbol from plugin)
__aeabi_idiv                                      /usr/lib/gcc/arm-none-eabi/10.3.1/thumb/v6-m/nofp/libgcc.a(_divsi3.o)
                                                  /tmp/py32f002_servo.elf.6SDmn9.ltrans0.ltrans.o
__aeabi_idiv0                                     /usr/lib/gcc/arm-none-eabi/10.3.1/thumb/v6-m/nofp/libgcc.a(_dvmd_tls.o)
                                                  /usr/lib/gcc/arm-none-eabi/10.3.1/thumb/v6-m/nofp/libgcc.a(_divsi3.o)
                                                  /usr/lib/gcc/arm-none-eabi/10.3.1/thumb/v6-m/nofp/libgcc.a(_udivsi3.o)
__aeabi_idivmod                                   /usr/lib/gcc/arm-none-eabi/10.3.1/thumb/v6-m/nofp/libgcc.a(_divsi3.o)
                                                  /tmp/py32f002_servo.elf.6SDmn9.ltrans0.ltrans.o
__aeabi_ldiv0                                     /usr/lib/gcc/arm-none-eabi/10.3.1/thumb/v6-m/nofp/libgcc.a(_dvmd_tls.o)
__aeabi_uidiv                                     /usr/lib/gcc/arm-none-eabi/10.3.1/thumb/v6-m/nofp/libgcc.a(_udivsi3.o)
                                                  /tmp/py32f002_servo.elf.6SDmn9.ltrans0.ltrans.o
__aeabi_uidivmod                                  /usr/lib/gcc/arm-none-eabi/10.3.1/thumb/v6-m/nofp/libgcc.a(_udivsi3.o)
                                                  /usr/lib/gcc/arm-none-eabi/10.3.1/../../../arm-none-eabi/lib/thumb/v6-m/nofp/libc_nano.a(lib_a-nano-vfprintf_i.o)
                                                  /tmp/py32f002_servo.elf.6SDmn9.ltrans0.ltrans.o
__divsi3                                          /usr/lib/gcc/arm-none-eabi/10.3.1/thumb/v6-m/nofp/libgcc.a(_divsi3.o)
__gnu_thumb1_case_shi                             /usr/lib/gcc/arm-none-eabi/10.3.1/thumb/v6-m/nofp/libgcc.a(_thumb1_case_shi.o)
                                                  /tmp/py32f002_servo.elf.6SDmn9.ltrans0.ltrans.o
__gnu_thumb1_case_sqi                             /usr/lib/gcc/arm-none-eabi/10.3.1/thumb/v6-m/nofp/libgcc.a(_thumb1_case_sqi.o)
                                                  /tmp/py32f002_servo.elf.6SDmn9.ltrans0.ltrans.o
__init_array_end                                  /usr/lib/gcc/arm-none-eabi/10.3.1/../../../arm-none-eabi/lib/thumb/v6-m/nofp/libc_nano.a(lib_a-init.o)
__init_array_start                                /usr/lib/gcc/arm-none-eabi/10.3.1/../../../arm-none-eabi/lib/thumb/v6-m/nofp/libc_nano.a(lib_a-init.o)
__libc_init_array                                 /usr/lib/gcc/arm-none-eabi/10.3.1/../../../arm-none-eabi/lib/thumb/v6-m/nofp/libc_nano.a(lib_a-init.o)
                                                  build/startup_py32f002xx.o
__malloc_free_list                                /usr/lib/gcc/arm-none-eabi/10.3.1/../../../arm-none-eabi/lib/thumb/v6-m/nofp/libc_nano.a(lib_a-nano-mallocr.o)
                                                  /usr/lib/gcc/arm-none-eabi/10.3.1/../../../arm-none-eabi/lib/thumb/v6-m/nofp/libc_nano.a(lib_a-nano-freer.o)
__malloc_lock                                     /usr/lib/gcc/arm-none-eabi/10.3.1/../../../arm-none-eabi/lib/thumb/v6-m/nofp/libc_nano.a(lib_a-mlock.o)
                                                  /usr/lib/gcc/arm-none-eabi/10.3.1/../../../arm-none-eabi/lib/thumb/v6-m/nofp/libc_nano.a(lib_a-nano-mallocr.o)
                                                  /usr/lib/gcc/arm-none-eabi/10.3.1/../../../arm-none-eabi/lib/thumb/v6-m/nofp/libc_nano.a(lib_a-nano-freer.o)
__malloc_sbrk_start                               /usr/lib/gcc/arm-none-eabi/10.3.1/../../../arm-none-eabi/lib/thumb/v6-m/nofp/libc_nano.a(lib_a-nano-mallocr.o)
__malloc_unlock                                   /usr/lib/gcc/arm-none-eabi/10.3.1/../../../arm-none-eabi/lib/thumb/v6-m/nofp/libc_nano.a(lib_a-mlock.o)
                                                  /usr/lib/gcc/arm-none-eabi/10.3.1/../../../arm-none-eabi/lib/thumb/v6-m/nofp/libc_nano.a(lib_a-nano-mallocr.o)
                                                  /usr/lib/gcc/arm-none-eabi/10.3.1/../../../arm-none-eabi/lib/thumb/v6-m/nofp/libc_nano.a(lib_a-nano-freer.o)
__preinit_array_end                               /usr/lib/gcc/arm-none-eabi/10.3.1/../../../arm-none-eabi/lib/thumb/v6-m/nofp/libc_nano.a(lib_a-init.o)
__preinit_array_start                             /usr/lib/gcc/arm-none-eabi/10.3.1/../../../arm-none-eabi/lib/thumb/v6-m/nofp/libc_nano.a(lib_a-init.o)
__sf_fake_stderr                                  /usr/lib/gcc/arm-none-eabi/10.3.1/../../../arm-none-eabi/lib/thumb/v6-m/nofp/libc_nano.a(lib_a-impure.o)
__sf_fake_stdin                                   /usr/lib/gcc/arm-none-eabi/10.3.1/../../../arm-none-eabi/lib/thumb/v6-m/nofp/libc_nano.a(lib_a-impure.o)
__sf_fake_stdout                                  /usr/lib/gcc/arm-none-eabi/10.3.1/../../../arm-none-eabi/lib/thumb/v6-m/nofp/libc_nano.a(lib_a-impure.o)
__ssprint_r                                       /usr/lib/gcc/arm-none-eabi/10.3.1/../../../arm-none-eabi/lib/thumb/v6-m/nofp/libc_nano.a(lib_a-nano-svfprintf.o)
__ssputs_r                                        /usr/lib/gcc/arm-none-eabi/10.3.1/../../../arm-none-eabi/lib/thumb/v6-m/nofp/libc_nano.a(lib_a-nano-svfprintf.o)
__udivsi3                                         /usr/lib/gcc/arm-none-eabi/10.3.1/thumb/v6-m/nofp/libgcc.a(_udivsi3.o)
_ebss                                             build/startup_py32f002xx.o
_edata                                            build/startup_py32f002xx.o
_estack                                           build/startup_py32f002xx.o
_fini                                             build/app_entry.o (symbol from plugin)
_free_r                                           /usr/lib/gcc/arm-none-eabi/10.3.1/../../../arm-none-eabi/lib/thumb/v6-m/nofp/libc_nano.a(lib_a-nano-freer.o)
                                                  /usr/lib/gcc/arm-none-eabi/10.3.1/../../../arm-none-eabi/lib/thumb/v6-m/nofp/libc_nano.a(lib_a-reent.o)
                                                  /usr/lib/gcc/arm-none-eabi/10.3.1/../../../arm-none-eabi/lib/thumb/v6-m/nofp/libc_nano.a(lib_a-nano-reallocr.o)
                                                  /usr/lib/gcc/arm-none-eabi/10.3.1/../../../arm-none-eabi/lib/thumb/v6-m/nofp/libc_nano.a(lib_a-nano-svfprintf.o)
_global_impure_ptr                                /usr/lib/gcc/arm-none-eabi/10.3.1/../../../arm-none-eabi/lib/thumb/v6-m/nofp/libc_nano.a(lib_a-impure.o)
_impure_ptr                                       /usr/lib/gcc/arm-none-eabi/10.3.1/../../../arm-none-eabi/lib/thumb/v6-m/nofp/libc_nano.a(lib_a-impure.o)
                                                  /usr/lib/gcc/arm-none-eabi/10.3.1/../../../arm-none-eabi/lib/thumb/v6-m/nofp/libc_nano.a(lib_a-reent.o)
                                                  /usr/lib/gcc/arm-none-eabi/10.3.1/../../../arm-none-eabi/lib/thumb/v6-m/nofp/libc_nano.a(lib_a-snprintf.o)
_init                                             /tmp/py32f002_servo.elf.6SDmn9.ltrans0.ltrans.o
                                                  build/app_entry.o (symbol from plugin)
                                                  /usr/lib/gcc/arm-none-eabi/10.3.1/../../../arm-none-eabi/lib/thumb/v6-m/nofp/libc_nano.a(lib_a-init.o)
_malloc_r                                         /usr/lib/gcc/arm-none-eabi/10.3.1/../../../arm-none-eabi/lib/thumb/v6-m/nofp/libc_nano.a(lib_a-nano-mallocr.o)
                                                  /usr/lib/gcc/arm-none-eabi/10.3.1/../../../arm-none-eabi/lib/thumb/v6-m/nofp/libc_nano.a(lib_a-nano-reallocr.o)
                                                  /usr/lib/gcc/arm-none-eabi/10.3.1/../../../arm-none-eabi/lib/thumb/v6-m/nofp/libc_nano.a(lib_a-nano-svfprintf.o)
_malloc_usable_size_r                             /usr/lib/gcc/arm-none-eabi/10.3.1/../../../arm-none-eabi/lib/thumb/v6-m/nofp/libc_nano.a(lib_a-nano-msizer.o)
                                                  /usr/lib/gcc/arm-none-eabi/10.3.1/../../../arm-none-eabi/lib/thumb/v6-m/nofp/libc_nano.a(lib_a-nano-reallocr.o)
_printf_common                                    /usr/lib/gcc/arm-none-eabi/10.3.1/../../../arm-none-eabi/lib/thumb/v6-m/nofp/libc_nano.a(lib_a-nano-vfprintf_i.o)
_printf_float                                     /usr/lib/gcc/arm-none-eabi/10.3.1/../../../arm-none-eabi/lib/thumb/v6-m/nofp/libc_nano.a(lib_a-nano-svfprintf.o)
_printf_i                                         /usr/lib/gcc/arm-none-eabi/10.3.1/../../../arm-none-eabi/lib/thumb/v6-m/nofp/libc_nano.a(lib_a-nano-vfprintf_i.o)
                                                  /usr/lib/gcc/arm-none-eabi/10.3.1/../../../arm-none-eabi/lib/thumb/v6-m/nofp/libc_nano.a(lib_a-nano-svfprintf.o)
_realloc_r                                        /usr/lib/gcc/arm-none-eabi/10.3.1/../../../arm-none-eabi/lib/thumb/v6-m/nofp/libc_nano.a(lib_a-nano-reallocr.o)
                                                  /usr/lib/gcc/arm-none-eabi/10.3.1/../../../arm-none-eabi/lib/thumb/v6-m/nofp/libc_nano.a(lib_a-nano-svfprintf.o)
_reclaim_reent                                    /usr/lib/gcc/arm-none-eabi/10.3.1/../../../arm-none-eabi/lib/thumb/v6-m/nofp/libc_nano.a(lib_a-reent.o)
_sbrk                                             /usr/lib/gcc/arm-none-eabi/10.3.1/../../../arm-none-eabi/lib/thumb/v6-m/nofp/libnosys.a(sbrk.o)
                                                  /usr/lib/gcc/arm-none-eabi/10.3.1/../../../arm-none-eabi/lib/thumb/v6-m/nofp/libc_nano.a(lib_a-sbrkr.o)
_sbrk_r                                           /usr/lib/gcc/arm-none-eabi/10.3.1/../../../arm-none-eabi/lib/thumb/v6-m/nofp/libc_nano.a(lib_a-sbrkr.o)
                                                  /usr/lib/gcc/arm-none-eabi/10.3.1/../../../arm-none-eabi/lib/thumb/v6-m/nofp/libc_nano.a(lib_a-nano-mallocr.o)
_sbss                                             build/startup_py32f002xx.o
_sdata                                            build/startup_py32f002xx.o
_sidata                                           build/startup_py32f002xx.o
_sniprintf_r                                      /usr/lib/gcc/arm-none-eabi/10.3.1/../../../arm-none-eabi/lib/thumb/v6-m/nofp/libc_nano.a(lib_a-snprintf.o)
_snprintf_r                                       /usr/lib/gcc/arm-none-eabi/10.3.1/../../../arm-none-eabi/lib/thumb/v6-m/nofp/libc_nano.a(lib_a-snprintf.o)
_svfiprintf_r                                     /usr/lib/gcc/arm-none-eabi/10.3.1/../../../arm-none-eabi/lib/thumb/v6-m/nofp/libc_nano.a(lib_a-nano-svfprintf.o)
_svfprintf_r                                      /usr/lib/gcc/arm-none-eabi/10.3.1/../../../arm-none-eabi/lib/thumb/v6-m/nofp/libc_nano.a(lib_a-nano-svfprintf.o)
                                                  /usr/lib/gcc/arm-none-eabi/10.3.1/../../../arm-none-eabi/lib/thumb/v6-m/nofp/libc_nano.a(lib_a-snprintf.o)
cleanup_glue                                      /usr/lib/gcc/arm-none-eabi/10.3.1/../../../arm-none-eabi/lib/thumb/v6-m/nofp/libc_nano.a(lib_a-reent.o)
end                                               /usr/lib/gcc/arm-none-eabi/10.3.1/../../../arm-none-eabi/lib/thumb/v6-m/nofp/libnosys.a(sbrk.o)
entry                                             /tmp/py32f002_servo.elf.6SDmn9.ltrans0.ltrans.o
                                                  build/app_entry.o (symbol from plugin)
                                                  build/startup_py32f002xx.o
errno                                             /usr/lib/gcc/arm-none-eabi/10.3.1/../../../arm-none-eabi/lib/thumb/v6-m/nofp/libc_nano.a(lib_a-reent.o)
                                                  /usr/lib/gcc/arm-none-eabi/10.3.1/../../../arm-none-eabi/lib/thumb/v6-m/nofp/libc_nano.a(lib_a-sbrkr.o)
g_pfnVectors                                      build/startup_py32f002xx.o
g_servo_curve_duty                                build/app_entry.o (symbol from plugin)
g_servo_curve_error_adc                           build/app_entry.o (symbol from plugin)
g_servo_curve_event                               build/app_entry.o (symbol from plugin)
g_servo_curve_feedback_adc                        build/app_entry.o (symbol from plugin)
g_servo_curve_frame                               build/app_entry.o (symbol from plugin)
g_servo_curve_log                                 build/app_entry.o (symbol from plugin)
g_servo_curve_log_count                           build/app_entry.o (symbol from plugin)
g_servo_curve_log_head                            build/app_entry.o (symbol from plugin)
g_servo_curve_overshoot_adc                       build/app_entry.o (symbol from plugin)
g_servo_curve_pwm_candidate_count                 build/app_entry.o (symbol from plugin)
g_servo_curve_pwm_candidate_us                    build/app_entry.o (symbol from plugin)
g_servo_curve_pwm_period_us                       build/app_entry.o (symbol from plugin)
g_servo_curve_pwm_raw_us                          build/app_entry.o (symbol from plugin)
g_servo_curve_pwm_us                              build/app_entry.o (symbol from plugin)
g_servo_curve_raw_adc                             build/app_entry.o (symbol from plugin)
g_servo_curve_ref_velocity                        build/app_entry.o (symbol from plugin)
g_servo_curve_seq_head                            build/app_entry.o (symbol from plugin)
g_servo_curve_seq_tail                            build/app_entry.o (symbol from plugin)
g_servo_curve_state                               build/app_entry.o (symbol from plugin)
g_servo_curve_target_adc                          build/app_entry.o (symbol from plugin)
g_servo_curve_time_ms                             build/app_entry.o (symbol from plugin)
g_servo_curve_traj_adc                            build/app_entry.o (symbol from plugin)
g_servo_curve_traj_vel_q4                         build/app_entry.o (symbol from plugin)
g_servo_curve_velocity_q4                         build/app_entry.o (symbol from plugin)
memchr                                            /usr/lib/gcc/arm-none-eabi/10.3.1/../../../arm-none-eabi/lib/thumb/v6-m/nofp/libc_nano.a(lib_a-memchr-stub.o)
                                                  /usr/lib/gcc/arm-none-eabi/10.3.1/../../../arm-none-eabi/lib/thumb/v6-m/nofp/libc_nano.a(lib_a-nano-vfprintf_i.o)
                                                  /usr/lib/gcc/arm-none-eabi/10.3.1/../../../arm-none-eabi/lib/thumb/v6-m/nofp/libc_nano.a(lib_a-nano-svfprintf.o)
memcpy                                            /usr/lib/gcc/arm-none-eabi/10.3.1/../../../arm-none-eabi/lib/thumb/v6-m/nofp/libc_nano.a(lib_a-memcpy-stub.o)
                                                  /usr/lib/gcc/arm-none-eabi/10.3.1/../../../arm-none-eabi/lib/thumb/v6-m/nofp/libc_nano.a(lib_a-nano-reallocr.o)
                                                  /usr/lib/gcc/arm-none-eabi/10.3.1/../../../arm-none-eabi/lib/thumb/v6-m/nofp/libc_nano.a(lib_a-nano-svfprintf.o)
                                                  /tmp/py32f002_servo.elf.6SDmn9.ltrans0.ltrans.o
memmove                                           /usr/lib/gcc/arm-none-eabi/10.3.1/../../../arm-none-eabi/lib/thumb/v6-m/nofp/libc_nano.a(lib_a-memmove.o)
                                                  /usr/lib/gcc/arm-none-eabi/10.3.1/../../../arm-none-eabi/lib/thumb/v6-m/nofp/libc_nano.a(lib_a-nano-svfprintf.o)
memset                                            /usr/lib/gcc/arm-none-eabi/10.3.1/../../../arm-none-eabi/lib/thumb/v6-m/nofp/libc_nano.a(lib_a-memset.o)
                                                  /tmp/py32f002_servo.elf.6SDmn9.ltrans0.ltrans.o
pFlash                                            build/py32f0xx_hal_flash.o (symbol from plugin)
sniprintf                                         /usr/lib/gcc/arm-none-eabi/10.3.1/../../../arm-none-eabi/lib/thumb/v6-m/nofp/libc_nano.a(lib_a-snprintf.o)
snprintf                                          /usr/lib/gcc/arm-none-eabi/10.3.1/../../../arm-none-eabi/lib/thumb/v6-m/nofp/libc_nano.a(lib_a-snprintf.o)
                                                  /tmp/py32f002_servo.elf.6SDmn9.ltrans0.ltrans.o